<html>
<body>
<pre>
<h1>µVision Build Log</h1>
<h2>Tool Versions:</h2>
IDE-Version: µVision V5.29.0.0
Copyright (C) 2019 ARM Ltd and ARM Germany GmbH. All rights reserved.
License Information: H C, U, LIC=----
 
Tool Versions:
Toolchain:       MDK-Lite  Version: 5.29.0.0
Toolchain Path:  D:\Keil_v5\ARM\ARMCC\Bin
C Compiler:      Armcc.exe V5.06 update 6 (build 750)
Assembler:       Armasm.exe V5.06 update 6 (build 750)
Linker/Locator:  ArmLink.exe V5.06 update 6 (build 750)
Library Manager: ArmAr.exe V5.06 update 6 (build 750)
Hex Converter:   FromElf.exe V5.06 update 6 (build 750)
CPU DLL:         SARMCM3.DLL V5.29.0.0
Dialog DLL:      DCM.DLL V1.17.3.0
Target DLL:      lmidk-agdi.dll V???
Dialog DLL:      TCM.DLL V1.36.5.0
 
<h2>Project:</h2>
D:\User\OneDrive\STUDY\SPRING 2020\ECE 353\ECE353-Fall2020-Project-BumbleBee\Project\HW3\HW3.uvprojx
Project File Date:  05/03/2020

<h2>Output:</h2>
*** Using Compiler 'V5.06 update 6 (build 750)', folder: 'D:\Keil_v5\ARM\ARMCC\Bin'
Rebuild target 'HW3'
compiling pc_buffer.c...
compiling hw3_images.c...
compiling main.c...
scoreboard.h(6): warning:  #1295-D: Deprecated declaration eeprom_score_read - give arg types
  uint32_t eeprom_score_read();
scoreboard.h(7): warning:  #1295-D: Deprecated declaration eeprom_score_reset - give arg types
  void eeprom_score_reset();
main.c: 2 warnings, 0 errors
compiling timers.c...
..\drivers\c\timers.c(60): warning:  #188-D: enumerated type mixed with another type
         return 0;
..\drivers\c\timers.c: 1 warning, 0 errors
compiling adc.c...
..\drivers\c\adc.c(54): warning:  #188-D: enumerated type mixed with another type
         return ADC0SS0_IRQn + ss_num;
..\drivers\c\adc.c(58): warning:  #188-D: enumerated type mixed with another type
         return ADC1SS0_IRQn + ss_num;
..\drivers\c\adc.c(62): warning:  #188-D: enumerated type mixed with another type
         return 0;
..\drivers\c\adc.c(29): warning:  #177-D: function "verify_base_addr"  was declared but never referenced
  static bool verify_base_addr(uint32_t baseAddr)
..\drivers\c\adc.c: 4 warnings, 0 errors
compiling scoreboard.c...
scoreboard.h(6): warning:  #1295-D: Deprecated declaration eeprom_score_read - give arg types
  uint32_t eeprom_score_read();
scoreboard.h(7): warning:  #1295-D: Deprecated declaration eeprom_score_reset - give arg types
  void eeprom_score_reset();
scoreboard.c(8): warning:  #550-D: variable "status"  was set but never used
      i2c_status_t status;
scoreboard.c(23): warning:  #550-D: variable "status"  was set but never used
      i2c_status_t status;
scoreboard.c(43): warning:  #1-D: last line of file ends without a newline
  }
scoreboard.c(37): warning:  #550-D: variable "status"  was set but never used
      i2c_status_t status;
scoreboard.c: 6 warnings, 0 errors
compiling display.c...
display.c(1661): warning:  #223-D: function "strlen" declared implicitly
      int len = strlen(target);
display.c(1683): warning:  #223-D: function "memcpy" declared implicitly
          memcpy(bitmap, &(hyliaSerifBeta_18ptBitmaps[96*hyliatarget]), 96);
display.c(1699): warning:  #1-D: last line of file ends without a newline
  }
display.c(1660): warning:  #177-D: variable "j"  was declared but never referenced
  		int j;
display.c: 4 warnings, 0 errors
compiling gpio_port.c...
..\drivers\c\gpio_port.c(82): warning:  #188-D: enumerated type mixed with another type
         return 0;
..\drivers\c\gpio_port.c: 1 warning, 0 errors
compiling hw3_staff.c...
scoreboard.h(6): warning:  #1295-D: Deprecated declaration eeprom_score_read - give arg types
  uint32_t eeprom_score_read();
scoreboard.h(7): warning:  #1295-D: Deprecated declaration eeprom_score_reset - give arg types
  void eeprom_score_reset();
hw3_staff.c: 2 warnings, 0 errors
compiling hw3_interrupts.c...
scoreboard.h(6): warning:  #1295-D: Deprecated declaration eeprom_score_read - give arg types
  uint32_t eeprom_score_read();
scoreboard.h(7): warning:  #1295-D: Deprecated declaration eeprom_score_reset - give arg types
  void eeprom_score_reset();
hw3_interrupts.c: 2 warnings, 0 errors
compiling hw3.c...
scoreboard.h(6): warning:  #1295-D: Deprecated declaration eeprom_score_read - give arg types
  uint32_t eeprom_score_read();
scoreboard.h(7): warning:  #1295-D: Deprecated declaration eeprom_score_reset - give arg types
  void eeprom_score_reset();
hw3.c(179): warning:  #177-D: variable "temp"  was declared but never referenced
  			char temp[100];
hw3.c: 3 warnings, 0 errors
compiling i2c.c...
compiling spi.c...
compiling uart.c...
..\drivers\c\uart.c(186): warning:  #188-D: enumerated type mixed with another type
         return 0;
..\drivers\c\uart.c: 1 warning, 0 errors
compiling lcd.c...
compiling ps2-new.c...
ps2-new.c(135): warning:  #940-D: missing return statement at end of non-void function "ps2_get_x" 
  }
ps2-new.c(148): warning:  #940-D: missing return statement at end of non-void function "ps2_get_y" 
  }
ps2-new.c: 2 warnings, 0 errors
compiling serial_debug.c...
assembling startup_TM4C123.s...
compiling io_expander.c...
..\peripherals\c\io_expander.c(62): warning:  #550-D: variable "status"  was set but never used
      i2c_status_t status;
..\peripherals\c\io_expander.c(77): warning:  #550-D: variable "status"  was set but never used
      i2c_status_t status;
..\peripherals\c\io_expander.c: 2 warnings, 0 errors
compiling ft6x06.c...
compiling eeprom.c...
compiling system_TM4C123.c...
linking...
Program Size: Code=13528 RO-data=7544 RW-data=116 ZI-data=4252  
".\obj\ece353_base_project.axf" - 0 Error(s), 30 Warning(s).

<h2>Software Packages used:</h2>

Package Vendor: ARM
                http://www.keil.com/pack/ARM.CMSIS.5.6.0.pack
                ARM.CMSIS.5.6.0
                CMSIS (Cortex Microcontroller Software Interface Standard)
   * Component: CORE Version: 5.3.0

Package Vendor: Keil
                http://www.keil.com/pack/Keil.TM4C_DFP.1.1.0.pack
                Keil.TM4C_DFP.1.1.0
                Texas Instruments Tiva C Series Device Support and Examples
   * Component: Startup Version: 1.0.1

<h2>Collection of Component include folders:</h2>
  .\RTE\_HW3
  D:\Users\User\AppData\Local\Arm\Packs\ARM\CMSIS\5.6.0\CMSIS\Core\Include
  D:\Users\User\AppData\Local\Arm\Packs\Keil\TM4C_DFP\1.1.0\Device\Include\TM4C123

<h2>Collection of Component Files used:</h2>

   * Component: ARM::CMSIS:CORE:5.3.0

   * Component: Keil::Device:Startup:1.0.1
      Source file:   Device\Source\ARM\startup_TM4C123.s
      Source file:   Device\Source\system_TM4C123.c
      Include file:  Device\Include\TM4C123\TM4C123.h
Build Time Elapsed:  00:00:01
</pre>
</body>
</html>
