Component: ARM Compiler 5.06 update 6 (build 750) Tool: armlink [4d35ed]

==============================================================================

Section Cross References

    main.o(.text) refers to serial_debug.o(.text) for init_serial_debug
    main.o(.text) refers to hw2.o(.text) for initialize_serial_debug
    main.o(.text) refers to hw3.o(.text) for hw3_main
    main.o(.text) refers to hw3.o(.data) for STUDENT_NAME
    hw3_staff.o(.text) refers to hw3_staff.o(.data) for lfsr
    hw3_staff.o(.text) refers to hw3_staff.o(.constdata) for MOV_DIR
    hw3.o(.text) refers to lcd.o(.text) for lcd_config_gpio
    hw3.o(.text) refers to ps2-new.o(.text) for ps2_initialize
    hw3.o(.text) refers to timers.o(.text) for gp_timer_config_32
    hw3.o(.text) refers to hw3.o(.data) for game_start
    hw3.o(.text) refers to hw3_interrupts.o(.bss) for bullets
    hw3.o(.text) refers to hw3_images.o(.constdata) for bulletBitmaps
    hw3_interrupts.o(.text) refers to rand.o(.text) for rand
    hw3_interrupts.o(.text) refers to dfltui.o(.text) for __aeabi_ui2d
    hw3_interrupts.o(.text) refers to cdrcmple.o(.text) for __aeabi_cdrcmple
    hw3_interrupts.o(.text) refers to cdcmple.o(.text) for __aeabi_cdcmple
    hw3_interrupts.o(.text) refers to hw3.o(.text) for contact_edge
    hw3_interrupts.o(.text) refers to hw3_staff.o(.text) for get_new_move_count
    hw3_interrupts.o(.text) refers to hw3_images.o(.constdata) for bulletBitmaps
    hw3_interrupts.o(.text) refers to hw3.o(.data) for INVADER_X_COORD
    hw3_interrupts.o(.text) refers to hw3_interrupts.o(.data) for BULLET_HEIGHT
    hw3_interrupts.o(.text) refers to hw3_interrupts.o(.bss) for bullets
    pc_buffer.o(.text) refers to malloc.o(i.malloc) for malloc
    lcd.o(.text) refers to gpio_port.o(.text) for gpio_enable_port
    ps2-new.o(.text) refers to gpio_port.o(.text) for gpio_enable_port
    serial_debug.o(.text) refers to pc_buffer.o(.text) for pc_buffer_empty
    serial_debug.o(.text) refers to main.o(.text) for DisableInterrupts
    serial_debug.o(.text) refers to uart.o(.text) for uart_tx_poll
    serial_debug.o(.text) refers to gpio_port.o(.text) for gpio_enable_port
    serial_debug.o(.text) refers to serial_debug.o(.data) for Tx_Interrupts_Enabled
    serial_debug.o(.text) refers to serial_debug.o(.bss) for UART0_Tx_Buffer
    serial_debug.o(.text) refers to stdout.o(.data) for __stdout
    startup_tm4c123.o(RESET) refers to startup_tm4c123.o(STACK) for __initial_sp
    startup_tm4c123.o(RESET) refers to startup_tm4c123.o(.text) for Reset_Handler
    startup_tm4c123.o(RESET) refers to serial_debug.o(.text) for UART0_Handler
    startup_tm4c123.o(RESET) refers to hw3_interrupts.o(.text) for ADC0SS2_Handler
    startup_tm4c123.o(.text) refers to system_tm4c123.o(.text) for SystemInit
    startup_tm4c123.o(.text) refers to entry.o(.ARM.Collect$$$$00000000) for __main
    system_tm4c123.o(.text) refers to system_tm4c123.o(.data) for SystemCoreClock
    entry.o(.ARM.Collect$$$$00000000) refers (Special) to entry10a.o(.ARM.Collect$$$$0000000D) for __rt_final_cpp
    entry.o(.ARM.Collect$$$$00000000) refers (Special) to entry11a.o(.ARM.Collect$$$$0000000F) for __rt_final_exit
    entry.o(.ARM.Collect$$$$00000000) refers (Special) to entry7b.o(.ARM.Collect$$$$00000008) for _main_clock
    entry.o(.ARM.Collect$$$$00000000) refers (Special) to entry8b.o(.ARM.Collect$$$$0000000A) for _main_cpp_init
    entry.o(.ARM.Collect$$$$00000000) refers (Special) to entry9a.o(.ARM.Collect$$$$0000000B) for _main_init
    entry.o(.ARM.Collect$$$$00000000) refers (Special) to entry5.o(.ARM.Collect$$$$00000004) for _main_scatterload
    entry.o(.ARM.Collect$$$$00000000) refers (Special) to entry2.o(.ARM.Collect$$$$00000001) for _main_stk
    rand.o(.text) refers to rand.o(.data) for .data
    malloc.o(i.free) refers to mvars.o(.data) for __microlib_freelist
    malloc.o(i.malloc) refers to mvars.o(.data) for __microlib_freelist_initialised
    malloc.o(i.malloc) refers to mvars.o(.data) for __microlib_freelist
    malloc.o(i.malloc) refers to startup_tm4c123.o(HEAP) for __heap_base
    mallocr.o(i.__free$realloc) refers to mvars.o(.data) for __microlib_freelist
    mallocr.o(i.__malloc$realloc) refers to mallocr.o(i.internal_alloc) for internal_alloc
    mallocr.o(i.__malloc$realloc) refers to mvars.o(.data) for __microlib_freelist_initialised
    mallocr.o(i.__malloc$realloc) refers to startup_tm4c123.o(HEAP) for __heap_base
    mallocr.o(i.__malloc$realloc) refers to mvars.o(.data) for __microlib_freelist
    mallocr.o(i.internal_alloc) refers to memcpya.o(.text) for __aeabi_memcpy
    mallocr.o(i.internal_alloc) refers to mvars.o(.data) for __microlib_freelist
    mallocr.o(i.realloc) refers to mallocr.o(i.__free$realloc) for __free$realloc
    mallocr.o(i.realloc) refers to mallocr.o(i.internal_alloc) for internal_alloc
    mallocr.o(i.realloc) refers to mallocr.o(i.__malloc$realloc) for __malloc$realloc
    mallocr.o(i.realloc) refers to mvars.o(.data) for __microlib_freelist
    malloca.o(i.__aligned_malloc) refers to mvars.o(.data) for __microlib_freelist_initialised
    malloca.o(i.__aligned_malloc) refers to mvars.o(.data) for __microlib_freelist
    malloca.o(i.__aligned_malloc) refers to startup_tm4c123.o(HEAP) for __heap_base
    malloca.o(i.__free$memalign) refers to mvars.o(.data) for __microlib_freelist
    malloca.o(i.__malloc$memalign) refers to malloca.o(i.__aligned_malloc) for __aligned_malloc
    mallocra.o(i.__aligned_malloc$realloc) refers to mallocra.o(i.internal_alloc) for internal_alloc
    mallocra.o(i.__aligned_malloc$realloc) refers to mvars.o(.data) for __microlib_freelist_initialised
    mallocra.o(i.__aligned_malloc$realloc) refers to startup_tm4c123.o(HEAP) for __heap_base
    mallocra.o(i.__aligned_malloc$realloc) refers to mvars.o(.data) for __microlib_freelist
    mallocra.o(i.__free$realloc$memalign) refers to mvars.o(.data) for __microlib_freelist
    mallocra.o(i.__malloc$realloc$memalign) refers to mallocra.o(i.__aligned_malloc$realloc) for __aligned_malloc$realloc
    mallocra.o(i.__realloc$memalign) refers to mallocra.o(i.__free$realloc$memalign) for __free$realloc$memalign
    mallocra.o(i.__realloc$memalign) refers to mallocra.o(i.internal_alloc) for internal_alloc
    mallocra.o(i.__realloc$memalign) refers to mallocra.o(i.__malloc$realloc$memalign) for __malloc$realloc$memalign
    mallocra.o(i.__realloc$memalign) refers to mvars.o(.data) for __microlib_freelist
    mallocra.o(i.internal_alloc) refers to memcpya.o(.text) for __aeabi_memcpy
    mallocra.o(i.internal_alloc) refers to mvars.o(.data) for __microlib_freelist
    dfltui.o(.text) refers (Special) to iusefp.o(.text) for __I$use$fp
    dfltui.o(.text) refers to depilogue.o(.text) for _double_epilogue
    cdcmple.o(.text) refers (Special) to iusefp.o(.text) for __I$use$fp
    cdrcmple.o(.text) refers (Special) to iusefp.o(.text) for __I$use$fp
    entry2.o(.ARM.Collect$$$$00000001) refers to entry2.o(.ARM.Collect$$$$00002712) for __lit__00000000
    entry2.o(.ARM.Collect$$$$00002712) refers to startup_tm4c123.o(STACK) for __initial_sp
    entry2.o(__vectab_stack_and_reset_area) refers to startup_tm4c123.o(STACK) for __initial_sp
    entry2.o(__vectab_stack_and_reset_area) refers to entry.o(.ARM.Collect$$$$00000000) for __main
    entry5.o(.ARM.Collect$$$$00000004) refers to init.o(.text) for __scatterload
    entry9a.o(.ARM.Collect$$$$0000000B) refers to main.o(.text) for main
    entry9b.o(.ARM.Collect$$$$0000000C) refers to main.o(.text) for main
    depilogue.o(.text) refers to llshl.o(.text) for __aeabi_llsl
    depilogue.o(.text) refers to llushr.o(.text) for __aeabi_llsr
    init.o(.text) refers to entry5.o(.ARM.Collect$$$$00000004) for __main_after_scatterload


==============================================================================

Removing Unused input sections from the image.

    Removing main.o(.rev16_text), (4 bytes).
    Removing main.o(.revsh_text), (4 bytes).
    Removing main.o(.rrx_text), (6 bytes).
    Removing hw3_staff.o(.rev16_text), (4 bytes).
    Removing hw3_staff.o(.revsh_text), (4 bytes).
    Removing hw3_staff.o(.rrx_text), (6 bytes).
    Removing hw3.o(.rev16_text), (4 bytes).
    Removing hw3.o(.revsh_text), (4 bytes).
    Removing hw3.o(.rrx_text), (6 bytes).
    Removing hw3_interrupts.o(.rev16_text), (4 bytes).
    Removing hw3_interrupts.o(.revsh_text), (4 bytes).
    Removing hw3_interrupts.o(.rrx_text), (6 bytes).
    Removing gpio_port.o(.rev16_text), (4 bytes).
    Removing gpio_port.o(.revsh_text), (4 bytes).
    Removing gpio_port.o(.rrx_text), (6 bytes).
    Removing timers.o(.rev16_text), (4 bytes).
    Removing timers.o(.revsh_text), (4 bytes).
    Removing timers.o(.rrx_text), (6 bytes).
    Removing adc.o(.rev16_text), (4 bytes).
    Removing adc.o(.revsh_text), (4 bytes).
    Removing adc.o(.rrx_text), (6 bytes).
    Removing adc.o(.text), (296 bytes).
    Removing uart.o(.rev16_text), (4 bytes).
    Removing uart.o(.revsh_text), (4 bytes).
    Removing uart.o(.rrx_text), (6 bytes).
    Removing uart.o(.data), (4 bytes).
    Removing lcd.o(.rev16_text), (4 bytes).
    Removing lcd.o(.revsh_text), (4 bytes).
    Removing lcd.o(.rrx_text), (6 bytes).
    Removing ps2-new.o(.rev16_text), (4 bytes).
    Removing ps2-new.o(.revsh_text), (4 bytes).
    Removing ps2-new.o(.rrx_text), (6 bytes).
    Removing serial_debug.o(.rev16_text), (4 bytes).
    Removing serial_debug.o(.revsh_text), (4 bytes).
    Removing serial_debug.o(.rrx_text), (6 bytes).
    Removing system_tm4c123.o(.rev16_text), (4 bytes).
    Removing system_tm4c123.o(.revsh_text), (4 bytes).
    Removing system_tm4c123.o(.rrx_text), (6 bytes).
    Removing hw2.o(.rev16_text), (4 bytes).
    Removing hw2.o(.revsh_text), (4 bytes).
    Removing hw2.o(.rrx_text), (6 bytes).

41 unused section(s) (total 482 bytes) removed from the image.

==============================================================================

Image Symbol Table

    Local Symbols

    Symbol Name                              Value     Ov Type        Size  Object(Section)

    RESET                                    0x00000000   Section      620  startup_tm4c123.o(RESET)
    ../clib/microlib/init/entry.s            0x00000000   Number         0  entry.o ABSOLUTE
    ../clib/microlib/init/entry.s            0x00000000   Number         0  entry8a.o ABSOLUTE
    ../clib/microlib/init/entry.s            0x00000000   Number         0  entry10b.o ABSOLUTE
    ../clib/microlib/init/entry.s            0x00000000   Number         0  entry7a.o ABSOLUTE
    ../clib/microlib/init/entry.s            0x00000000   Number         0  entry5.o ABSOLUTE
    ../clib/microlib/init/entry.s            0x00000000   Number         0  entry11a.o ABSOLUTE
    ../clib/microlib/init/entry.s            0x00000000   Number         0  entry9a.o ABSOLUTE
    ../clib/microlib/init/entry.s            0x00000000   Number         0  entry2.o ABSOLUTE
    ../clib/microlib/init/entry.s            0x00000000   Number         0  entry11b.o ABSOLUTE
    ../clib/microlib/init/entry.s            0x00000000   Number         0  entry10a.o ABSOLUTE
    ../clib/microlib/init/entry.s            0x00000000   Number         0  entry9b.o ABSOLUTE
    ../clib/microlib/init/entry.s            0x00000000   Number         0  entry7b.o ABSOLUTE
    ../clib/microlib/init/entry.s            0x00000000   Number         0  entry8b.o ABSOLUTE
    ../clib/microlib/longlong.c              0x00000000   Number         0  llushr.o ABSOLUTE
    ../clib/microlib/longlong.c              0x00000000   Number         0  llshl.o ABSOLUTE
    ../clib/microlib/malloc/malloc.c         0x00000000   Number         0  malloc.o ABSOLUTE
    ../clib/microlib/malloc/malloc.c         0x00000000   Number         0  mallocr.o ABSOLUTE
    ../clib/microlib/malloc/malloc.c         0x00000000   Number         0  malloca.o ABSOLUTE
    ../clib/microlib/malloc/malloc.c         0x00000000   Number         0  mallocra.o ABSOLUTE
    ../clib/microlib/malloc/mvars.c          0x00000000   Number         0  mvars.o ABSOLUTE
    ../clib/microlib/stdio/streams.c         0x00000000   Number         0  stdout.o ABSOLUTE
    ../clib/microlib/stdlib/rand.c           0x00000000   Number         0  rand.o ABSOLUTE
    ../clib/microlib/string/memcpy.c         0x00000000   Number         0  memcpya.o ABSOLUTE
    ../clib/microlib/string/memcpy.c         0x00000000   Number         0  memcpyb.o ABSOLUTE
    ../clib/microlib/stubs.s                 0x00000000   Number         0  iusefp.o ABSOLUTE
    ../fplib/microlib/fpepilogue.c           0x00000000   Number         0  depilogue.o ABSOLUTE
    ../fplib/microlib/fpflt.c                0x00000000   Number         0  dfltui.o ABSOLUTE
    ..\\drivers\\c\\adc.c                    0x00000000   Number         0  adc.o ABSOLUTE
    ..\\drivers\\c\\gpio_port.c              0x00000000   Number         0  gpio_port.o ABSOLUTE
    ..\\drivers\\c\\timers.c                 0x00000000   Number         0  timers.o ABSOLUTE
    ..\\drivers\\c\\uart.c                   0x00000000   Number         0  uart.o ABSOLUTE
    ..\\peripherals\\c\\lcd.c                0x00000000   Number         0  lcd.o ABSOLUTE
    ..\\peripherals\\c\\serial_debug.c       0x00000000   Number         0  serial_debug.o ABSOLUTE
    ..\drivers\c\adc.c                       0x00000000   Number         0  adc.o ABSOLUTE
    ..\drivers\c\gpio_port.c                 0x00000000   Number         0  gpio_port.o ABSOLUTE
    ..\drivers\c\pc_buffer.c                 0x00000000   Number         0  pc_buffer.o ABSOLUTE
    ..\drivers\c\timers.c                    0x00000000   Number         0  timers.o ABSOLUTE
    ..\drivers\c\uart.c                      0x00000000   Number         0  uart.o ABSOLUTE
    ..\peripherals\c\lcd.c                   0x00000000   Number         0  lcd.o ABSOLUTE
    ..\peripherals\c\serial_debug.c          0x00000000   Number         0  serial_debug.o ABSOLUTE
    RTE\Device\TM4C123GH6PM\startup_TM4C123.s 0x00000000   Number         0  startup_tm4c123.o ABSOLUTE
    RTE\Device\TM4C123GH6PM\system_TM4C123.c 0x00000000   Number         0  system_tm4c123.o ABSOLUTE
    RTE\\Device\\TM4C123GH6PM\\system_TM4C123.c 0x00000000   Number         0  system_tm4c123.o ABSOLUTE
    cdcmple.s                                0x00000000   Number         0  cdcmple.o ABSOLUTE
    cdrcmple.s                               0x00000000   Number         0  cdrcmple.o ABSOLUTE
    dc.s                                     0x00000000   Number         0  dc.o ABSOLUTE
    handlers.s                               0x00000000   Number         0  handlers.o ABSOLUTE
    hw2.c                                    0x00000000   Number         0  hw2.o ABSOLUTE
    hw2.c                                    0x00000000   Number         0  hw2.o ABSOLUTE
    hw3.c                                    0x00000000   Number         0  hw3.o ABSOLUTE
    hw3.c                                    0x00000000   Number         0  hw3.o ABSOLUTE
    hw3_images.c                             0x00000000   Number         0  hw3_images.o ABSOLUTE
    hw3_interrupts.c                         0x00000000   Number         0  hw3_interrupts.o ABSOLUTE
    hw3_interrupts.c                         0x00000000   Number         0  hw3_interrupts.o ABSOLUTE
    hw3_staff.c                              0x00000000   Number         0  hw3_staff.o ABSOLUTE
    hw3_staff.c                              0x00000000   Number         0  hw3_staff.o ABSOLUTE
    init.s                                   0x00000000   Number         0  init.o ABSOLUTE
    main.c                                   0x00000000   Number         0  main.o ABSOLUTE
    main.c                                   0x00000000   Number         0  main.o ABSOLUTE
    ps2-new.c                                0x00000000   Number         0  ps2-new.o ABSOLUTE
    ps2-new.c                                0x00000000   Number         0  ps2-new.o ABSOLUTE
    .ARM.Collect$$$$00000000                 0x0000026c   Section        0  entry.o(.ARM.Collect$$$$00000000)
    .ARM.Collect$$$$00000001                 0x0000026c   Section        4  entry2.o(.ARM.Collect$$$$00000001)
    .ARM.Collect$$$$00000004                 0x00000270   Section        4  entry5.o(.ARM.Collect$$$$00000004)
    .ARM.Collect$$$$00000008                 0x00000274   Section        0  entry7b.o(.ARM.Collect$$$$00000008)
    .ARM.Collect$$$$0000000A                 0x00000274   Section        0  entry8b.o(.ARM.Collect$$$$0000000A)
    .ARM.Collect$$$$0000000B                 0x00000274   Section        8  entry9a.o(.ARM.Collect$$$$0000000B)
    .ARM.Collect$$$$0000000D                 0x0000027c   Section        0  entry10a.o(.ARM.Collect$$$$0000000D)
    .ARM.Collect$$$$0000000F                 0x0000027c   Section        0  entry11a.o(.ARM.Collect$$$$0000000F)
    .ARM.Collect$$$$00002712                 0x0000027c   Section        4  entry2.o(.ARM.Collect$$$$00002712)
    __lit__00000000                          0x0000027c   Data           4  entry2.o(.ARM.Collect$$$$00002712)
    .text                                    0x00000280   Section        0  main.o(.text)
    .text                                    0x00000330   Section        0  hw3_staff.o(.text)
    .text                                    0x000003ac   Section        0  hw3.o(.text)
    .text                                    0x00000714   Section        0  hw3_interrupts.o(.text)
    .text                                    0x00000b80   Section        0  gpio_port.o(.text)
    verify_base_addr                         0x00000b81   Thumb Code    64  gpio_port.o(.text)
    .text                                    0x00000e44   Section        0  timers.o(.text)
    verify_base_addr                         0x00000e45   Thumb Code    64  timers.o(.text)
    get_clock_masks                          0x00000ecf   Thumb Code   106  timers.o(.text)
    .text                                    0x0000108c   Section        0  pc_buffer.o(.text)
    .text                                    0x00001108   Section        0  uart.o(.text)
    .text                                    0x0000139c   Section        0  lcd.o(.text)
    lcd_write_cmd_u8                         0x000013b7   Thumb Code    40  lcd.o(.text)
    lcd_write_data_u8                        0x000013df   Thumb Code    28  lcd.o(.text)
    lcd_write_data_u16                       0x000013fb   Thumb Code    48  lcd.o(.text)
    .text                                    0x00001ee4   Section        0  ps2-new.o(.text)
    initialize_adc_gpio_pins                 0x00001ee5   Thumb Code    34  ps2-new.o(.text)
    ps2_configure_adc                        0x00001f07   Thumb Code   118  ps2-new.o(.text)
    .text                                    0x00001ffc   Section        0  serial_debug.o(.text)
    .text                                    0x00002218   Section      252  startup_tm4c123.o(.text)
    $v0                                      0x00002218   Number         0  startup_tm4c123.o(.text)
    .text                                    0x00002314   Section        0  system_tm4c123.o(.text)
    getOscClk                                0x00002315   Thumb Code   182  system_tm4c123.o(.text)
    .text                                    0x00002560   Section        0  hw2.o(.text)
    .text                                    0x000026b0   Section        0  rand.o(.text)
    .text                                    0x000026d4   Section        0  dfltui.o(.text)
    .text                                    0x000026f0   Section       48  cdcmple.o(.text)
    .text                                    0x00002720   Section       48  cdrcmple.o(.text)
    .text                                    0x00002750   Section        0  iusefp.o(.text)
    .text                                    0x00002750   Section        0  depilogue.o(.text)
    .text                                    0x0000280c   Section       36  init.o(.text)
    .text                                    0x00002830   Section        0  llshl.o(.text)
    .text                                    0x0000284e   Section        0  llushr.o(.text)
    i.__scatterload_copy                     0x0000286e   Section       14  handlers.o(i.__scatterload_copy)
    i.__scatterload_null                     0x0000287c   Section        2  handlers.o(i.__scatterload_null)
    i.__scatterload_zeroinit                 0x0000287e   Section       14  handlers.o(i.__scatterload_zeroinit)
    i.malloc                                 0x0000288c   Section        0  malloc.o(i.malloc)
    .constdata                               0x000028f8   Section       20  hw3_staff.o(.constdata)
    MOVE_AMOUNT                              0x000028f8   Data          16  hw3_staff.o(.constdata)
    MOV_DIR                                  0x00002908   Data           4  hw3_staff.o(.constdata)
    .constdata                               0x0000290c   Section     1003  hw3_images.o(.constdata)
    .data                                    0x20000000   Section        2  hw3_staff.o(.data)
    lfsr                                     0x20000000   Data           2  hw3_staff.o(.data)
    .data                                    0x20000002   Section       41  hw3.o(.data)
    .data                                    0x2000002c   Section       28  hw3_interrupts.o(.data)
    PS2_X_DATA                               0x2000002c   Data           2  hw3_interrupts.o(.data)
    PS2_Y_DATA                               0x2000002e   Data           2  hw3_interrupts.o(.data)
    PS2_DIR                                  0x20000030   Data           1  hw3_interrupts.o(.data)
    MOVE_COUNT                               0x20000032   Data           2  hw3_interrupts.o(.data)
    SPACE_SHIP_DIRECTION                     0x20000034   Data           1  hw3_interrupts.o(.data)
    BULLET_WIDTH                             0x20000038   Data           4  hw3_interrupts.o(.data)
    BULLET_HEIGHT                            0x2000003c   Data           4  hw3_interrupts.o(.data)
    LCD_WIDTH                                0x20000040   Data           4  hw3_interrupts.o(.data)
    LCD_HEIGHT                               0x20000044   Data           4  hw3_interrupts.o(.data)
    .data                                    0x20000048   Section        2  serial_debug.o(.data)
    Rx_Interrupts_Enabled                    0x20000048   Data           1  serial_debug.o(.data)
    Tx_Interrupts_Enabled                    0x20000049   Data           1  serial_debug.o(.data)
    .data                                    0x2000004c   Section        4  system_tm4c123.o(.data)
    .data                                    0x20000050   Section        4  stdout.o(.data)
    .data                                    0x20000054   Section        4  rand.o(.data)
    _rand_state                              0x20000054   Data           4  rand.o(.data)
    .data                                    0x20000058   Section        4  mvars.o(.data)
    .data                                    0x2000005c   Section        4  mvars.o(.data)
    .bss                                     0x20000060   Section      128  hw3_interrupts.o(.bss)
    .bss                                     0x200000e0   Section       28  serial_debug.o(.bss)
    HEAP                                     0x20000100   Section        0  startup_tm4c123.o(HEAP)
    STACK                                    0x20000100   Section     4096  startup_tm4c123.o(STACK)

    Global Symbols

    Symbol Name                              Value     Ov Type        Size  Object(Section)

    BuildAttributes$$THM_ISAv4$E$P$D$K$B$S$7EM$VFPi3$EXTD16$VFPS$VFMA$PE$A:L22UL41UL21$X:L11$S22US41US21$IEEE1$IW$USESV6$~STKCKD$USESV7$~SHL$OSPACE$ROPI$EBA8$MICROLIB$REQ8$PRES8$EABIv2 0x00000000   Number         0  anon$$obj.o ABSOLUTE
    __ARM_use_no_argv                        0x00000000   Number         0  main.o ABSOLUTE
    __Vectors                                0x00000000   Data           4  startup_tm4c123.o(RESET)
    __cpp_initialize__aeabi_                  - Undefined Weak Reference
    __cxa_finalize                            - Undefined Weak Reference
    __decompress                              - Undefined Weak Reference
    _clock_init                               - Undefined Weak Reference
    _microlib_exit                            - Undefined Weak Reference
    __Vectors_End                            0x0000026c   Data           0  startup_tm4c123.o(RESET)
    __Vectors_Size                           0x0000026c   Number         0  startup_tm4c123.o ABSOLUTE
    __main                                   0x0000026d   Thumb Code     0  entry.o(.ARM.Collect$$$$00000000)
    _main_stk                                0x0000026d   Thumb Code     0  entry2.o(.ARM.Collect$$$$00000001)
    _main_scatterload                        0x00000271   Thumb Code     0  entry5.o(.ARM.Collect$$$$00000004)
    __main_after_scatterload                 0x00000275   Thumb Code     0  entry5.o(.ARM.Collect$$$$00000004)
    _main_clock                              0x00000275   Thumb Code     0  entry7b.o(.ARM.Collect$$$$00000008)
    _main_cpp_init                           0x00000275   Thumb Code     0  entry8b.o(.ARM.Collect$$$$0000000A)
    _main_init                               0x00000275   Thumb Code     0  entry9a.o(.ARM.Collect$$$$0000000B)
    __rt_final_cpp                           0x0000027d   Thumb Code     0  entry10a.o(.ARM.Collect$$$$0000000D)
    __rt_final_exit                          0x0000027d   Thumb Code     0  entry11a.o(.ARM.Collect$$$$0000000F)
    DisableInterrupts                        0x00000281   Thumb Code     4  main.o(.text)
    EnableInterrupts                         0x00000285   Thumb Code     4  main.o(.text)
    initializeBoard                          0x00000289   Thumb Code    20  main.o(.text)
    main                                     0x0000029d   Thumb Code    42  main.o(.text)
    generate_random_number                   0x00000331   Thumb Code    48  hw3_staff.o(.text)
    get_new_direction                        0x00000361   Thumb Code    36  hw3_staff.o(.text)
    get_new_move_count                       0x00000385   Thumb Code    28  hw3_staff.o(.text)
    contact_edge                             0x000003ad   Thumb Code   132  hw3.o(.text)
    move_image                               0x00000431   Thumb Code    62  hw3.o(.text)
    check_game_over                          0x0000046f   Thumb Code   180  hw3.o(.text)
    init_hardware                            0x00000523   Thumb Code    88  hw3.o(.text)
    hw3_main                                 0x0000057b   Thumb Code   326  hw3.o(.text)
    spawn_bullet                             0x00000715   Thumb Code   234  hw3_interrupts.o(.text)
    ps2_get_direction                        0x000007ff   Thumb Code   206  hw3_interrupts.o(.text)
    TIMER2A_Handler                          0x000008cd   Thumb Code    70  hw3_interrupts.o(.text)
    TIMER3A_Handler                          0x00000913   Thumb Code   284  hw3_interrupts.o(.text)
    TIMER4A_Handler                          0x00000a2f   Thumb Code    26  hw3_interrupts.o(.text)
    ADC0SS2_Handler                          0x00000a49   Thumb Code    44  hw3_interrupts.o(.text)
    TIMER5A_Handler                          0x00000a75   Thumb Code   134  hw3_interrupts.o(.text)
    gpio_get_irq_num                         0x00000bc1   Thumb Code    74  gpio_port.o(.text)
    gpio_enable_port                         0x00000c0b   Thumb Code   156  gpio_port.o(.text)
    gpio_config_digital_enable               0x00000ca7   Thumb Code    34  gpio_port.o(.text)
    gpio_config_enable_output                0x00000cc9   Thumb Code    34  gpio_port.o(.text)
    gpio_config_enable_input                 0x00000ceb   Thumb Code    34  gpio_port.o(.text)
    gpio_config_enable_pullup                0x00000d0d   Thumb Code    34  gpio_port.o(.text)
    gpio_config_enable_pulldown              0x00000d2f   Thumb Code    34  gpio_port.o(.text)
    gpio_config_analog_enable                0x00000d51   Thumb Code    34  gpio_port.o(.text)
    gpio_config_alternate_function           0x00000d73   Thumb Code    34  gpio_port.o(.text)
    gpio_config_port_control                 0x00000d95   Thumb Code    54  gpio_port.o(.text)
    gpio_config_open_drain                   0x00000dcb   Thumb Code    34  gpio_port.o(.text)
    gpio_config_falling_edge_irq             0x00000ded   Thumb Code    56  gpio_port.o(.text)
    timer_get_irq_num                        0x00000e85   Thumb Code    74  timers.o(.text)
    gp_timer_wait                            0x00000f39   Thumb Code    64  timers.o(.text)
    gp_timer_config_32                       0x00000f79   Thumb Code   252  timers.o(.text)
    pc_buffer_init                           0x0000108d   Thumb Code    26  pc_buffer.o(.text)
    pc_buffer_add                            0x000010a7   Thumb Code    28  pc_buffer.o(.text)
    pc_buffer_remove                         0x000010c3   Thumb Code    30  pc_buffer.o(.text)
    pc_buffer_empty                          0x000010e1   Thumb Code    18  pc_buffer.o(.text)
    pc_buffer_full                           0x000010f3   Thumb Code    22  pc_buffer.o(.text)
    verify_uart_base                         0x00001109   Thumb Code    54  uart.o(.text)
    uart_get_rcgc_mask                       0x0000113f   Thumb Code    68  uart.o(.text)
    uart_get_pr_mask                         0x00001183   Thumb Code    68  uart.o(.text)
    uart_get_irq_num                         0x000011c7   Thumb Code    68  uart.o(.text)
    uart_tx_poll                             0x0000120b   Thumb Code    38  uart.o(.text)
    uart_tx_poll_string                      0x00001231   Thumb Code    50  uart.o(.text)
    uart_rx_poll                             0x00001263   Thumb Code    70  uart.o(.text)
    uart_init                                0x000012a9   Thumb Code   222  uart.o(.text)
    delayms                                  0x0000139d   Thumb Code    26  lcd.o(.text)
    lcd_set_pos                              0x0000142b   Thumb Code    58  lcd.o(.text)
    lcd_clear_screen                         0x00001465   Thumb Code    52  lcd.o(.text)
    lcd_draw_box                             0x00001499   Thumb Code   138  lcd.o(.text)
    lcd_draw_rectangle                       0x00001523   Thumb Code    82  lcd.o(.text)
    lcd_draw_rectangle_centered              0x00001575   Thumb Code   152  lcd.o(.text)
    lcd_draw_pixel                           0x0000160d   Thumb Code    28  lcd.o(.text)
    lcd_draw_char                            0x00001629   Thumb Code   556  lcd.o(.text)
    lcd_draw_image                           0x00001855   Thumb Code   242  lcd.o(.text)
    lcd_draw_color_image                     0x00001947   Thumb Code   142  lcd.o(.text)
    lcd_config_gpio                          0x000019d5   Thumb Code   190  lcd.o(.text)
    lcd_config_screen                        0x00001a93   Thumb Code   548  lcd.o(.text)
    lcd_draw_line                            0x00001cb7   Thumb Code   200  lcd.o(.text)
    lcd_draw_circle                          0x00001d7f   Thumb Code   356  lcd.o(.text)
    ps2_initialize_adc                       0x00001f7d   Thumb Code    88  ps2-new.o(.text)
    ps2_initialize                           0x00001fd5   Thumb Code    12  ps2-new.o(.text)
    ps2_get_x                                0x00001fe1   Thumb Code     2  ps2-new.o(.text)
    ps2_get_y                                0x00001fe3   Thumb Code     2  ps2-new.o(.text)
    serial_debug_rx                          0x00001ffd   Thumb Code    46  serial_debug.o(.text)
    serial_debug_tx                          0x0000202b   Thumb Code    72  serial_debug.o(.text)
    fputc                                    0x00002073   Thumb Code    66  serial_debug.o(.text)
    fgetc                                    0x000020b5   Thumb Code    50  serial_debug.o(.text)
    init_serial_debug                        0x000020e7   Thumb Code   144  serial_debug.o(.text)
    UART0_Handler                            0x00002177   Thumb Code   136  serial_debug.o(.text)
    Reset_Handler                            0x00002219   Thumb Code     8  startup_tm4c123.o(.text)
    NMI_Handler                              0x00002221   Thumb Code     2  startup_tm4c123.o(.text)
    HardFault_Handler                        0x00002223   Thumb Code     2  startup_tm4c123.o(.text)
    MemManage_Handler                        0x00002225   Thumb Code     2  startup_tm4c123.o(.text)
    BusFault_Handler                         0x00002227   Thumb Code     2  startup_tm4c123.o(.text)
    UsageFault_Handler                       0x00002229   Thumb Code     2  startup_tm4c123.o(.text)
    SVC_Handler                              0x0000222b   Thumb Code     2  startup_tm4c123.o(.text)
    DebugMon_Handler                         0x0000222d   Thumb Code     2  startup_tm4c123.o(.text)
    PendSV_Handler                           0x0000222f   Thumb Code     2  startup_tm4c123.o(.text)
    SysTick_Handler                          0x00002231   Thumb Code     2  startup_tm4c123.o(.text)
    GPIOA_Handler                            0x00002233   Thumb Code     2  startup_tm4c123.o(.text)
    GPIOB_Handler                            0x00002235   Thumb Code     2  startup_tm4c123.o(.text)
    GPIOC_Handler                            0x00002237   Thumb Code     2  startup_tm4c123.o(.text)
    GPIOD_Handler                            0x00002239   Thumb Code     2  startup_tm4c123.o(.text)
    GPIOE_Handler                            0x0000223b   Thumb Code     2  startup_tm4c123.o(.text)
    UART1_Handler                            0x0000223f   Thumb Code     2  startup_tm4c123.o(.text)
    SSI0_Handler                             0x00002241   Thumb Code     2  startup_tm4c123.o(.text)
    I2C0_Handler                             0x00002243   Thumb Code     2  startup_tm4c123.o(.text)
    PMW0_FAULT_Handler                       0x00002245   Thumb Code     2  startup_tm4c123.o(.text)
    PWM0_0_Handler                           0x00002247   Thumb Code     2  startup_tm4c123.o(.text)
    PWM0_1_Handler                           0x00002249   Thumb Code     2  startup_tm4c123.o(.text)
    PWM0_2_Handler                           0x0000224b   Thumb Code     2  startup_tm4c123.o(.text)
    QEI0_Handler                             0x0000224d   Thumb Code     2  startup_tm4c123.o(.text)
    ADC0SS0_Handler                          0x0000224f   Thumb Code     2  startup_tm4c123.o(.text)
    ADC0SS1_Handler                          0x00002251   Thumb Code     2  startup_tm4c123.o(.text)
    ADC0SS3_Handler                          0x00002255   Thumb Code     2  startup_tm4c123.o(.text)
    WDT0_Handler                             0x00002257   Thumb Code     2  startup_tm4c123.o(.text)
    TIMER0A_Handler                          0x00002259   Thumb Code     2  startup_tm4c123.o(.text)
    TIMER0B_Handler                          0x0000225b   Thumb Code     2  startup_tm4c123.o(.text)
    TIMER1A_Handler                          0x0000225d   Thumb Code     2  startup_tm4c123.o(.text)
    TIMER1B_Handler                          0x0000225f   Thumb Code     2  startup_tm4c123.o(.text)
    TIMER2B_Handler                          0x00002263   Thumb Code     2  startup_tm4c123.o(.text)
    COMP0_Handler                            0x00002265   Thumb Code     2  startup_tm4c123.o(.text)
    COMP1_Handler                            0x00002267   Thumb Code     2  startup_tm4c123.o(.text)
    COMP2_Handler                            0x00002269   Thumb Code     2  startup_tm4c123.o(.text)
    SYSCTL_Handler                           0x0000226b   Thumb Code     2  startup_tm4c123.o(.text)
    FLASH_Handler                            0x0000226d   Thumb Code     2  startup_tm4c123.o(.text)
    GPIOF_Handler                            0x0000226f   Thumb Code     2  startup_tm4c123.o(.text)
    GPIOG_Handler                            0x00002271   Thumb Code     2  startup_tm4c123.o(.text)
    GPIOH_Handler                            0x00002273   Thumb Code     2  startup_tm4c123.o(.text)
    UART2_Handler                            0x00002275   Thumb Code     2  startup_tm4c123.o(.text)
    SSI1_Handler                             0x00002277   Thumb Code     2  startup_tm4c123.o(.text)
    TIMER3B_Handler                          0x0000227b   Thumb Code     2  startup_tm4c123.o(.text)
    I2C1_Handler                             0x0000227d   Thumb Code     2  startup_tm4c123.o(.text)
    QEI1_Handler                             0x0000227f   Thumb Code     2  startup_tm4c123.o(.text)
    CAN0_Handler                             0x00002281   Thumb Code     2  startup_tm4c123.o(.text)
    CAN1_Handler                             0x00002283   Thumb Code     2  startup_tm4c123.o(.text)
    CAN2_Handler                             0x00002285   Thumb Code     2  startup_tm4c123.o(.text)
    HIB_Handler                              0x00002287   Thumb Code     2  startup_tm4c123.o(.text)
    USB0_Handler                             0x00002289   Thumb Code     2  startup_tm4c123.o(.text)
    PWM0_3_Handler                           0x0000228b   Thumb Code     2  startup_tm4c123.o(.text)
    UDMA_Handler                             0x0000228d   Thumb Code     2  startup_tm4c123.o(.text)
    UDMAERR_Handler                          0x0000228f   Thumb Code     2  startup_tm4c123.o(.text)
    ADC1SS0_Handler                          0x00002291   Thumb Code     2  startup_tm4c123.o(.text)
    ADC1SS1_Handler                          0x00002293   Thumb Code     2  startup_tm4c123.o(.text)
    ADC1SS2_Handler                          0x00002295   Thumb Code     2  startup_tm4c123.o(.text)
    ADC1SS3_Handler                          0x00002297   Thumb Code     2  startup_tm4c123.o(.text)
    GPIOJ_Handler                            0x00002299   Thumb Code     2  startup_tm4c123.o(.text)
    GPIOK_Handler                            0x0000229b   Thumb Code     2  startup_tm4c123.o(.text)
    GPIOL_Handler                            0x0000229d   Thumb Code     2  startup_tm4c123.o(.text)
    SSI2_Handler                             0x0000229f   Thumb Code     2  startup_tm4c123.o(.text)
    SSI3_Handler                             0x000022a1   Thumb Code     2  startup_tm4c123.o(.text)
    UART3_Handler                            0x000022a3   Thumb Code     2  startup_tm4c123.o(.text)
    UART4_Handler                            0x000022a5   Thumb Code     2  startup_tm4c123.o(.text)
    UART5_Handler                            0x000022a7   Thumb Code     2  startup_tm4c123.o(.text)
    UART6_Handler                            0x000022a9   Thumb Code     2  startup_tm4c123.o(.text)
    UART7_Handler                            0x000022ab   Thumb Code     2  startup_tm4c123.o(.text)
    I2C2_Handler                             0x000022ad   Thumb Code     2  startup_tm4c123.o(.text)
    I2C3_Handler                             0x000022af   Thumb Code     2  startup_tm4c123.o(.text)
    TIMER4B_Handler                          0x000022b3   Thumb Code     2  startup_tm4c123.o(.text)
    TIMER5B_Handler                          0x000022b7   Thumb Code     2  startup_tm4c123.o(.text)
    WTIMER0A_Handler                         0x000022b9   Thumb Code     2  startup_tm4c123.o(.text)
    WTIMER0B_Handler                         0x000022bb   Thumb Code     2  startup_tm4c123.o(.text)
    WTIMER1A_Handler                         0x000022bd   Thumb Code     2  startup_tm4c123.o(.text)
    WTIMER1B_Handler                         0x000022bf   Thumb Code     2  startup_tm4c123.o(.text)
    WTIMER2A_Handler                         0x000022c1   Thumb Code     2  startup_tm4c123.o(.text)
    WTIMER2B_Handler                         0x000022c3   Thumb Code     2  startup_tm4c123.o(.text)
    WTIMER3A_Handler                         0x000022c5   Thumb Code     2  startup_tm4c123.o(.text)
    WTIMER3B_Handler                         0x000022c7   Thumb Code     2  startup_tm4c123.o(.text)
    WTIMER4A_Handler                         0x000022c9   Thumb Code     2  startup_tm4c123.o(.text)
    WTIMER4B_Handler                         0x000022cb   Thumb Code     2  startup_tm4c123.o(.text)
    WTIMER5A_Handler                         0x000022cd   Thumb Code     2  startup_tm4c123.o(.text)
    WTIMER5B_Handler                         0x000022cf   Thumb Code     2  startup_tm4c123.o(.text)
    FPU_Handler                              0x000022d1   Thumb Code     2  startup_tm4c123.o(.text)
    I2C4_Handler                             0x000022d3   Thumb Code     2  startup_tm4c123.o(.text)
    I2C5_Handler                             0x000022d5   Thumb Code     2  startup_tm4c123.o(.text)
    GPIOM_Handler                            0x000022d7   Thumb Code     2  startup_tm4c123.o(.text)
    GPION_Handler                            0x000022d9   Thumb Code     2  startup_tm4c123.o(.text)
    QEI2_Handler                             0x000022db   Thumb Code     2  startup_tm4c123.o(.text)
    GPIOP0_Handler                           0x000022dd   Thumb Code     2  startup_tm4c123.o(.text)
    GPIOP1_Handler                           0x000022df   Thumb Code     2  startup_tm4c123.o(.text)
    GPIOP2_Handler                           0x000022e1   Thumb Code     2  startup_tm4c123.o(.text)
    GPIOP3_Handler                           0x000022e3   Thumb Code     2  startup_tm4c123.o(.text)
    GPIOP4_Handler                           0x000022e5   Thumb Code     2  startup_tm4c123.o(.text)
    GPIOP5_Handler                           0x000022e7   Thumb Code     2  startup_tm4c123.o(.text)
    GPIOP6_Handler                           0x000022e9   Thumb Code     2  startup_tm4c123.o(.text)
    GPIOP7_Handler                           0x000022eb   Thumb Code     2  startup_tm4c123.o(.text)
    GPIOQ0_Handler                           0x000022ed   Thumb Code     2  startup_tm4c123.o(.text)
    GPIOQ1_Handler                           0x000022ef   Thumb Code     2  startup_tm4c123.o(.text)
    GPIOQ2_Handler                           0x000022f1   Thumb Code     2  startup_tm4c123.o(.text)
    GPIOQ3_Handler                           0x000022f3   Thumb Code     2  startup_tm4c123.o(.text)
    GPIOQ4_Handler                           0x000022f5   Thumb Code     2  startup_tm4c123.o(.text)
    GPIOQ5_Handler                           0x000022f7   Thumb Code     2  startup_tm4c123.o(.text)
    GPIOQ6_Handler                           0x000022f9   Thumb Code     2  startup_tm4c123.o(.text)
    GPIOQ7_Handler                           0x000022fb   Thumb Code     2  startup_tm4c123.o(.text)
    GPIOR_Handler                            0x000022fd   Thumb Code     2  startup_tm4c123.o(.text)
    GPIOS_Handler                            0x000022ff   Thumb Code     2  startup_tm4c123.o(.text)
    PMW1_0_Handler                           0x00002301   Thumb Code     2  startup_tm4c123.o(.text)
    PWM1_1_Handler                           0x00002303   Thumb Code     2  startup_tm4c123.o(.text)
    PWM1_2_Handler                           0x00002305   Thumb Code     2  startup_tm4c123.o(.text)
    PWM1_3_Handler                           0x00002307   Thumb Code     2  startup_tm4c123.o(.text)
    PWM1_FAULT_Handler                       0x00002309   Thumb Code     2  startup_tm4c123.o(.text)
    SystemCoreClockUpdate                    0x000023cb   Thumb Code   184  system_tm4c123.o(.text)
    SystemInit                               0x00002483   Thumb Code   112  system_tm4c123.o(.text)
    staff_uart_config_gpio                   0x00002561   Thumb Code    82  hw2.o(.text)
    staff_uart_config_polling                0x000025b3   Thumb Code    68  hw2.o(.text)
    put_string                               0x000025f7   Thumb Code    34  hw2.o(.text)
    put_char                                 0x00002619   Thumb Code    20  hw2.o(.text)
    get_char                                 0x0000262d   Thumb Code    62  hw2.o(.text)
    get_string                               0x0000266b   Thumb Code    40  hw2.o(.text)
    initialize_serial_debug                  0x00002693   Thumb Code    12  hw2.o(.text)
    rand                                     0x000026b1   Thumb Code    20  rand.o(.text)
    srand                                    0x000026c5   Thumb Code     6  rand.o(.text)
    __aeabi_ui2d                             0x000026d5   Thumb Code    26  dfltui.o(.text)
    __aeabi_cdcmpeq                          0x000026f1   Thumb Code     0  cdcmple.o(.text)
    __aeabi_cdcmple                          0x000026f1   Thumb Code    48  cdcmple.o(.text)
    __aeabi_cdrcmple                         0x00002721   Thumb Code    48  cdrcmple.o(.text)
    __I$use$fp                               0x00002751   Thumb Code     0  iusefp.o(.text)
    _double_round                            0x00002751   Thumb Code    30  depilogue.o(.text)
    _double_epilogue                         0x0000276f   Thumb Code   156  depilogue.o(.text)
    __scatterload                            0x0000280d   Thumb Code    28  init.o(.text)
    __scatterload_rt2                        0x0000280d   Thumb Code     0  init.o(.text)
    __aeabi_llsl                             0x00002831   Thumb Code    30  llshl.o(.text)
    _ll_shift_l                              0x00002831   Thumb Code     0  llshl.o(.text)
    __aeabi_llsr                             0x0000284f   Thumb Code    32  llushr.o(.text)
    _ll_ushift_r                             0x0000284f   Thumb Code     0  llushr.o(.text)
    __scatterload_copy                       0x0000286f   Thumb Code    14  handlers.o(i.__scatterload_copy)
    __scatterload_null                       0x0000287d   Thumb Code     2  handlers.o(i.__scatterload_null)
    __scatterload_zeroinit                   0x0000287f   Thumb Code    14  handlers.o(i.__scatterload_zeroinit)
    malloc                                   0x0000288d   Thumb Code    92  malloc.o(i.malloc)
    fighterBitmaps                           0x0000290c   Data         150  hw3_images.o(.constdata)
    bulletBitmaps                            0x000029a2   Data          12  hw3_images.o(.constdata)
    roundbulletBitmaps                       0x000029ae   Data          24  hw3_images.o(.constdata)
    spreadbulletBitmaps                      0x000029c6   Data          24  hw3_images.o(.constdata)
    touchToStartBitmaps                      0x000029de   Data         120  hw3_images.o(.constdata)
    invaderBitmaps                           0x00002a56   Data         671  hw3_images.o(.constdata)
    invaderWidthPixels                       0x00002cf5   Data           1  hw3_images.o(.constdata)
    invaderHeightPixels                      0x00002cf6   Data           1  hw3_images.o(.constdata)
    Region$$Table$$Base                      0x00002cf8   Number         0  anon$$obj.o(Region$$Table)
    Region$$Table$$Limit                     0x00002d18   Number         0  anon$$obj.o(Region$$Table)
    game_start                               0x20000002   Data           1  hw3.o(.data)
    FIGHTER_X_COORD                          0x20000004   Data           2  hw3.o(.data)
    FIGHTER_Y_COORD                          0x20000006   Data           2  hw3.o(.data)
    INVADER_X_COORD                          0x20000008   Data           2  hw3.o(.data)
    INVADER_Y_COORD                          0x2000000a   Data           2  hw3.o(.data)
    STUDENT_NAME                             0x2000000c   Data          28  hw3.o(.data)
    ALERT_BULLET                             0x20000028   Data           1  hw3.o(.data)
    ALERT_FIGHTER                            0x20000029   Data           1  hw3.o(.data)
    ALERT_INVADER                            0x2000002a   Data           1  hw3.o(.data)
    SystemCoreClock                          0x2000004c   Data           4  system_tm4c123.o(.data)
    __stdout                                 0x20000050   Data           4  stdout.o(.data)
    __microlib_freelist                      0x20000058   Data           4  mvars.o(.data)
    __microlib_freelist_initialised          0x2000005c   Data           4  mvars.o(.data)
    bullets                                  0x20000060   Data         128  hw3_interrupts.o(.bss)
    UART0_Tx_Buffer                          0x200000e0   Data          14  serial_debug.o(.bss)
    UART0_Rx_Buffer                          0x200000ee   Data          14  serial_debug.o(.bss)
    __heap_base                              0x20000100   Data           0  startup_tm4c123.o(HEAP)
    __heap_limit                             0x20000100   Data           0  startup_tm4c123.o(HEAP)
    __initial_sp                             0x20001100   Data           0  startup_tm4c123.o(STACK)



==============================================================================

Memory Map of the image

  Image Entry point : 0x00002219

  Load Region LR_1 (Base: 0x00000000, Size: 0x00002d78, Max: 0xffffffff, ABSOLUTE)

    Execution Region ER_RO (Exec base: 0x00000000, Load base: 0x00000000, Size: 0x00002d18, Max: 0xffffffff, ABSOLUTE)

    Exec Addr    Load Addr    Size         Type   Attr      Idx    E Section Name        Object

    0x00000000   0x00000000   0x0000026c   Data   RO          427    RESET               startup_tm4c123.o
    0x0000026c   0x0000026c   0x00000000   Code   RO          519  * .ARM.Collect$$$$00000000  mc_w.l(entry.o)
    0x0000026c   0x0000026c   0x00000004   Code   RO          560    .ARM.Collect$$$$00000001  mc_w.l(entry2.o)
    0x00000270   0x00000270   0x00000004   Code   RO          563    .ARM.Collect$$$$00000004  mc_w.l(entry5.o)
    0x00000274   0x00000274   0x00000000   Code   RO          565    .ARM.Collect$$$$00000008  mc_w.l(entry7b.o)
    0x00000274   0x00000274   0x00000000   Code   RO          567    .ARM.Collect$$$$0000000A  mc_w.l(entry8b.o)
    0x00000274   0x00000274   0x00000008   Code   RO          568    .ARM.Collect$$$$0000000B  mc_w.l(entry9a.o)
    0x0000027c   0x0000027c   0x00000000   Code   RO          570    .ARM.Collect$$$$0000000D  mc_w.l(entry10a.o)
    0x0000027c   0x0000027c   0x00000000   Code   RO          572    .ARM.Collect$$$$0000000F  mc_w.l(entry11a.o)
    0x0000027c   0x0000027c   0x00000004   Code   RO          561    .ARM.Collect$$$$00002712  mc_w.l(entry2.o)
    0x00000280   0x00000280   0x000000b0   Code   RO            4    .text               main.o
    0x00000330   0x00000330   0x0000007c   Code   RO          124    .text               hw3_staff.o
    0x000003ac   0x000003ac   0x00000368   Code   RO          155    .text               hw3.o
    0x00000714   0x00000714   0x0000046c   Code   RO          186    .text               hw3_interrupts.o
    0x00000b80   0x00000b80   0x000002c4   Code   RO          226    .text               gpio_port.o
    0x00000e44   0x00000e44   0x00000248   Code   RO          250    .text               timers.o
    0x0000108c   0x0000108c   0x0000007c   Code   RO          299    .text               pc_buffer.o
    0x00001108   0x00001108   0x00000294   Code   RO          317    .text               uart.o
    0x0000139c   0x0000139c   0x00000b46   Code   RO          344    .text               lcd.o
    0x00001ee2   0x00001ee2   0x00000002   PAD
    0x00001ee4   0x00001ee4   0x00000118   Code   RO          368    .text               ps2-new.o
    0x00001ffc   0x00001ffc   0x0000021c   Code   RO          392    .text               serial_debug.o
    0x00002218   0x00002218   0x000000fc   Code   RO          428  * .text               startup_tm4c123.o
    0x00002314   0x00002314   0x0000024c   Code   RO          435    .text               system_tm4c123.o
    0x00002560   0x00002560   0x00000150   Code   RO          465    .text               hw3_f18.lib(hw2.o)
    0x000026b0   0x000026b0   0x00000024   Code   RO          523    .text               mc_w.l(rand.o)
    0x000026d4   0x000026d4   0x0000001a   Code   RO          554    .text               mf_w.l(dfltui.o)
    0x000026ee   0x000026ee   0x00000002   PAD
    0x000026f0   0x000026f0   0x00000030   Code   RO          556    .text               mf_w.l(cdcmple.o)
    0x00002720   0x00002720   0x00000030   Code   RO          558    .text               mf_w.l(cdrcmple.o)
    0x00002750   0x00002750   0x00000000   Code   RO          580    .text               mc_w.l(iusefp.o)
    0x00002750   0x00002750   0x000000ba   Code   RO          581    .text               mf_w.l(depilogue.o)
    0x0000280a   0x0000280a   0x00000002   PAD
    0x0000280c   0x0000280c   0x00000024   Code   RO          583    .text               mc_w.l(init.o)
    0x00002830   0x00002830   0x0000001e   Code   RO          585    .text               mc_w.l(llshl.o)
    0x0000284e   0x0000284e   0x00000020   Code   RO          587    .text               mc_w.l(llushr.o)
    0x0000286e   0x0000286e   0x0000000e   Code   RO          591    i.__scatterload_copy  mc_w.l(handlers.o)
    0x0000287c   0x0000287c   0x00000002   Code   RO          592    i.__scatterload_null  mc_w.l(handlers.o)
    0x0000287e   0x0000287e   0x0000000e   Code   RO          593    i.__scatterload_zeroinit  mc_w.l(handlers.o)
    0x0000288c   0x0000288c   0x0000006c   Code   RO          527    i.malloc            mc_w.l(malloc.o)
    0x000028f8   0x000028f8   0x00000014   Data   RO          125    .constdata          hw3_staff.o
    0x0000290c   0x0000290c   0x000003eb   Data   RO          211    .constdata          hw3_images.o
    0x00002cf7   0x00002cf7   0x00000001   PAD
    0x00002cf8   0x00002cf8   0x00000020   Data   RO          589    Region$$Table       anon$$obj.o


    Execution Region ER_RW (Exec base: 0x20000000, Load base: 0x00002d18, Size: 0x00000060, Max: 0xffffffff, ABSOLUTE)

    Exec Addr    Load Addr    Size         Type   Attr      Idx    E Section Name        Object

    0x20000000   0x00002d18   0x00000002   Data   RW          126    .data               hw3_staff.o
    0x20000002   0x00002d1a   0x00000029   Data   RW          156    .data               hw3.o
    0x2000002b   0x00002d43   0x00000001   PAD
    0x2000002c   0x00002d44   0x0000001c   Data   RW          188    .data               hw3_interrupts.o
    0x20000048   0x00002d60   0x00000002   Data   RW          394    .data               serial_debug.o
    0x2000004a   0x00002d62   0x00000002   PAD
    0x2000004c   0x00002d64   0x00000004   Data   RW          436    .data               system_tm4c123.o
    0x20000050   0x00002d68   0x00000004   Data   RW          522    .data               mc_w.l(stdout.o)
    0x20000054   0x00002d6c   0x00000004   Data   RW          524    .data               mc_w.l(rand.o)
    0x20000058   0x00002d70   0x00000004   Data   RW          578    .data               mc_w.l(mvars.o)
    0x2000005c   0x00002d74   0x00000004   Data   RW          579    .data               mc_w.l(mvars.o)


    Execution Region ER_ZI (Exec base: 0x20000060, Load base: 0x00002d78, Size: 0x000010a0, Max: 0xffffffff, ABSOLUTE)

    Exec Addr    Load Addr    Size         Type   Attr      Idx    E Section Name        Object

    0x20000060        -       0x00000080   Zero   RW          187    .bss                hw3_interrupts.o
    0x200000e0        -       0x0000001c   Zero   RW          393    .bss                serial_debug.o
    0x200000fc   0x00002d78   0x00000004   PAD
    0x20000100        -       0x00000000   Zero   RW          426    HEAP                startup_tm4c123.o
    0x20000100        -       0x00001000   Zero   RW          425    STACK               startup_tm4c123.o


==============================================================================

Image component sizes


      Code (inc. data)   RO Data    RW Data    ZI Data      Debug   Object Name

       708         32          0          0          0       5294   gpio_port.o
       872         84          0         41          0       4594   hw3.o
         0          0       1003          0          0       1036   hw3_images.o
      1132        134          0         28        128       3147   hw3_interrupts.o
       124         12         20          2          0       1734   hw3_staff.o
      2886         28          0          0          0       8364   lcd.o
       176        106          0          0          0      29478   main.o
       124          0          0          0          0       2071   pc_buffer.o
       280         24          0          0          0       1576   ps2-new.o
       540         26          0          2         28       5817   serial_debug.o
       252         10        620          0       4096       5508   startup_tm4c123.o
       588        134          0          4          0       1689   system_tm4c123.o
       584         24          0          0          0      33000   timers.o
       660         54          0          0          0       3632   uart.o

    ----------------------------------------------------------------------
      8928        668       1676         80       4256     106940   Object Totals
         0          0         32          0          0          0   (incl. Generated)
         2          0          1          3          4          0   (incl. Padding)

    ----------------------------------------------------------------------

      Code (inc. data)   RO Data    RW Data    ZI Data      Debug   Library Member Name

       336         18          0          0          0       1619   hw2.o
         0          0          0          0          0          0   entry.o
         0          0          0          0          0          0   entry10a.o
         0          0          0          0          0          0   entry11a.o
         8          4          0          0          0          0   entry2.o
         4          0          0          0          0          0   entry5.o
         0          0          0          0          0          0   entry7b.o
         0          0          0          0          0          0   entry8b.o
         8          4          0          0          0          0   entry9a.o
        30          0          0          0          0          0   handlers.o
        36          8          0          0          0         68   init.o
         0          0          0          0          0          0   iusefp.o
        30          0          0          0          0         68   llshl.o
        32          0          0          0          0         68   llushr.o
       108         16          0          0          0         84   malloc.o
         0          0          0          8          0          0   mvars.o
        36         10          0          4          0        136   rand.o
         0          0          0          4          0          0   stdout.o
        48          0          0          0          0         68   cdcmple.o
        48          0          0          0          0         68   cdrcmple.o
       186          0          0          0          0        176   depilogue.o
        26          0          0          0          0         76   dfltui.o

    ----------------------------------------------------------------------
       940         60          0         16          0       2431   Library Totals
         4          0          0          0          0          0   (incl. Padding)

    ----------------------------------------------------------------------

      Code (inc. data)   RO Data    RW Data    ZI Data      Debug   Library Name

       336         18          0          0          0       1619   hw3_f18.lib
       292         42          0         16          0        424   mc_w.l
       308          0          0          0          0        388   mf_w.l

    ----------------------------------------------------------------------
       940         60          0         16          0       2431   Library Totals

    ----------------------------------------------------------------------

==============================================================================


      Code (inc. data)   RO Data    RW Data    ZI Data      Debug   

      9868        728       1676         96       4256     107163   Grand Totals
      9868        728       1676         96       4256     107163   ELF Image Totals
      9868        728       1676         96          0          0   ROM Totals

==============================================================================

    Total RO  Size (Code + RO Data)                11544 (  11.27kB)
    Total RW  Size (RW Data + ZI Data)              4352 (   4.25kB)
    Total ROM Size (Code + RO Data + RW Data)      11640 (  11.37kB)

==============================================================================

