Component: ARM Compiler 5.06 update 6 (build 750) Tool: armlink [4d35ed]

==============================================================================

Section Cross References

    main.o(.text) refers to serial_debug.o(.text) for init_serial_debug
    main.o(.text) refers to ft6x06.o(.text) for ft6x06_init
    main.o(.text) refers to hw2.o(.text) for initialize_serial_debug
    main.o(.text) refers to hw3.o(.text) for hw3_main
    main.o(.text) refers to hw3.o(.data) for STUDENT_NAME
    hw3_staff.o(.text) refers to hw3_staff.o(.data) for lfsr
    hw3_staff.o(.text) refers to hw3_staff.o(.constdata) for MOV_DIR
    hw3.o(.text) refers to lcd.o(.text) for lcd_config_gpio
    hw3.o(.text) refers to ps2-new.o(.text) for ps2_initialize
    hw3.o(.text) refers to io_expander.o(.text) for io_expander_init
    hw3.o(.text) refers to timers.o(.text) for gp_timer_config_32
    hw3.o(.text) refers to scoreboard.o(.text) for eeprom_score_read
    hw3.o(.text) refers to printf5.o(i.__0sprintf$5) for __2sprintf
    hw3.o(.text) refers to display.o(.text) for draw_string
    hw3.o(.text) refers to ft6x06.o(.text) for ft6x06_read_x
    hw3.o(.text) refers to hw3_images.o(.constdata) for touchToStartBitmaps
    hw3.o(.text) refers to hw3.o(.data) for game_start
    hw3.o(.text) refers to hw3_interrupts.o(.bss) for bullets
    hw3_interrupts.o(.text) refers to rand.o(.text) for rand
    hw3_interrupts.o(.text) refers to dfltui.o(.text) for __aeabi_ui2d
    hw3_interrupts.o(.text) refers to cdrcmple.o(.text) for __aeabi_cdrcmple
    hw3_interrupts.o(.text) refers to cdcmple.o(.text) for __aeabi_cdcmple
    hw3_interrupts.o(.text) refers to io_expander.o(.text) for io_expander_read_reg
    hw3_interrupts.o(.text) refers to lcd.o(.text) for lcd_clear_screen
    hw3_interrupts.o(.text) refers to hw3.o(.text) for contact_edge
    hw3_interrupts.o(.text) refers to hw3_staff.o(.text) for get_new_move_count
    hw3_interrupts.o(.text) refers to hw3_images.o(.constdata) for bulletBitmaps
    hw3_interrupts.o(.text) refers to hw3.o(.data) for INVADER_X_COORD
    hw3_interrupts.o(.text) refers to hw3_interrupts.o(.data) for BULLET_HEIGHT
    hw3_interrupts.o(.text) refers to hw3_interrupts.o(.bss) for bullets
    display.o(.text) refers to strlen.o(.text) for strlen
    display.o(.text) refers to memcpya.o(.text) for __aeabi_memcpy
    display.o(.text) refers to lcd.o(.text) for lcd_draw_image
    display.o(.text) refers to display.o(.constdata) for hyliaSerifBeta_18ptBitmaps
    scoreboard.o(.text) refers to eeprom.o(.text) for eeprom_byte_write
    pc_buffer.o(.text) refers to malloc.o(i.malloc) for malloc
    lcd.o(.text) refers to gpio_port.o(.text) for gpio_enable_port
    ps2-new.o(.text) refers to gpio_port.o(.text) for gpio_enable_port
    serial_debug.o(.text) refers to pc_buffer.o(.text) for pc_buffer_empty
    serial_debug.o(.text) refers to main.o(.text) for DisableInterrupts
    serial_debug.o(.text) refers to uart.o(.text) for uart_tx_poll
    serial_debug.o(.text) refers to gpio_port.o(.text) for gpio_enable_port
    serial_debug.o(.text) refers to serial_debug.o(.data) for Tx_Interrupts_Enabled
    serial_debug.o(.text) refers to serial_debug.o(.bss) for UART0_Tx_Buffer
    serial_debug.o(.text) refers to stdout.o(.data) for __stdout
    io_expander.o(.text) refers to i2c.o(.text) for I2CMasterBusy
    io_expander.o(.text) refers to gpio_port.o(.text) for gpio_enable_port
    ft6x06.o(.text) refers to i2c.o(.text) for I2CMasterBusy
    ft6x06.o(.text) refers to gpio_port.o(.text) for gpio_enable_port
    eeprom.o(.text) refers to i2c.o(.text) for i2cVerifyBaseAddr
    eeprom.o(.text) refers to gpio_port.o(.text) for gpio_enable_port
    startup_tm4c123.o(RESET) refers to startup_tm4c123.o(STACK) for __initial_sp
    startup_tm4c123.o(RESET) refers to startup_tm4c123.o(.text) for Reset_Handler
    startup_tm4c123.o(RESET) refers to serial_debug.o(.text) for UART0_Handler
    startup_tm4c123.o(RESET) refers to hw3_interrupts.o(.text) for ADC0SS2_Handler
    startup_tm4c123.o(.text) refers to system_tm4c123.o(.text) for SystemInit
    startup_tm4c123.o(.text) refers to entry.o(.ARM.Collect$$$$00000000) for __main
    system_tm4c123.o(.text) refers to system_tm4c123.o(.data) for SystemCoreClock
    entry.o(.ARM.Collect$$$$00000000) refers (Special) to entry10a.o(.ARM.Collect$$$$0000000D) for __rt_final_cpp
    entry.o(.ARM.Collect$$$$00000000) refers (Special) to entry11a.o(.ARM.Collect$$$$0000000F) for __rt_final_exit
    entry.o(.ARM.Collect$$$$00000000) refers (Special) to entry7b.o(.ARM.Collect$$$$00000008) for _main_clock
    entry.o(.ARM.Collect$$$$00000000) refers (Special) to entry8b.o(.ARM.Collect$$$$0000000A) for _main_cpp_init
    entry.o(.ARM.Collect$$$$00000000) refers (Special) to entry9a.o(.ARM.Collect$$$$0000000B) for _main_init
    entry.o(.ARM.Collect$$$$00000000) refers (Special) to entry5.o(.ARM.Collect$$$$00000004) for _main_scatterload
    entry.o(.ARM.Collect$$$$00000000) refers (Special) to entry2.o(.ARM.Collect$$$$00000001) for _main_stk
    rand.o(.text) refers to rand.o(.data) for .data
    printfb.o(i.__0fprintf$bare) refers to printfb.o(i._printf_core) for _printf_core
    printfb.o(i.__0fprintf$bare) refers to serial_debug.o(.text) for fputc
    printfb.o(i.__0printf$bare) refers to printfb.o(i._printf_core) for _printf_core
    printfb.o(i.__0printf$bare) refers to serial_debug.o(.text) for fputc
    printfb.o(i.__0printf$bare) refers to stdout.o(.data) for __stdout
    printfb.o(i.__0snprintf$bare) refers to printfb.o(i._printf_core) for _printf_core
    printfb.o(i.__0snprintf$bare) refers to printfb.o(i._snputc) for _snputc
    printfb.o(i.__0sprintf$bare) refers to printfb.o(i._printf_core) for _printf_core
    printfb.o(i.__0sprintf$bare) refers to printfb.o(i._sputc) for _sputc
    printfb.o(i.__0vfprintf$bare) refers to printfb.o(i._printf_core) for _printf_core
    printfb.o(i.__0vfprintf$bare) refers to serial_debug.o(.text) for fputc
    printfb.o(i.__0vprintf$bare) refers to printfb.o(i._printf_core) for _printf_core
    printfb.o(i.__0vprintf$bare) refers to serial_debug.o(.text) for fputc
    printfb.o(i.__0vprintf$bare) refers to stdout.o(.data) for __stdout
    printfb.o(i.__0vsnprintf$bare) refers to printfb.o(i._printf_core) for _printf_core
    printfb.o(i.__0vsnprintf$bare) refers to printfb.o(i._snputc) for _snputc
    printfb.o(i.__0vsprintf$bare) refers to printfb.o(i._printf_core) for _printf_core
    printfb.o(i.__0vsprintf$bare) refers to printfb.o(i._sputc) for _sputc
    printf0.o(i.__0fprintf$0) refers to printf0.o(i._printf_core) for _printf_core
    printf0.o(i.__0fprintf$0) refers to serial_debug.o(.text) for fputc
    printf0.o(i.__0printf$0) refers to printf0.o(i._printf_core) for _printf_core
    printf0.o(i.__0printf$0) refers to serial_debug.o(.text) for fputc
    printf0.o(i.__0printf$0) refers to stdout.o(.data) for __stdout
    printf0.o(i.__0snprintf$0) refers to printf0.o(i._printf_core) for _printf_core
    printf0.o(i.__0snprintf$0) refers to printf0.o(i._snputc) for _snputc
    printf0.o(i.__0sprintf$0) refers to printf0.o(i._printf_core) for _printf_core
    printf0.o(i.__0sprintf$0) refers to printf0.o(i._sputc) for _sputc
    printf0.o(i.__0vfprintf$0) refers to printf0.o(i._printf_core) for _printf_core
    printf0.o(i.__0vfprintf$0) refers to serial_debug.o(.text) for fputc
    printf0.o(i.__0vprintf$0) refers to printf0.o(i._printf_core) for _printf_core
    printf0.o(i.__0vprintf$0) refers to serial_debug.o(.text) for fputc
    printf0.o(i.__0vprintf$0) refers to stdout.o(.data) for __stdout
    printf0.o(i.__0vsnprintf$0) refers to printf0.o(i._printf_core) for _printf_core
    printf0.o(i.__0vsnprintf$0) refers to printf0.o(i._snputc) for _snputc
    printf0.o(i.__0vsprintf$0) refers to printf0.o(i._printf_core) for _printf_core
    printf0.o(i.__0vsprintf$0) refers to printf0.o(i._sputc) for _sputc
    printf1.o(i.__0fprintf$1) refers to printf1.o(i._printf_core) for _printf_core
    printf1.o(i.__0fprintf$1) refers to serial_debug.o(.text) for fputc
    printf1.o(i.__0printf$1) refers to printf1.o(i._printf_core) for _printf_core
    printf1.o(i.__0printf$1) refers to serial_debug.o(.text) for fputc
    printf1.o(i.__0printf$1) refers to stdout.o(.data) for __stdout
    printf1.o(i.__0snprintf$1) refers to printf1.o(i._printf_core) for _printf_core
    printf1.o(i.__0snprintf$1) refers to printf1.o(i._snputc) for _snputc
    printf1.o(i.__0sprintf$1) refers to printf1.o(i._printf_core) for _printf_core
    printf1.o(i.__0sprintf$1) refers to printf1.o(i._sputc) for _sputc
    printf1.o(i.__0vfprintf$1) refers to printf1.o(i._printf_core) for _printf_core
    printf1.o(i.__0vfprintf$1) refers to serial_debug.o(.text) for fputc
    printf1.o(i.__0vprintf$1) refers to printf1.o(i._printf_core) for _printf_core
    printf1.o(i.__0vprintf$1) refers to serial_debug.o(.text) for fputc
    printf1.o(i.__0vprintf$1) refers to stdout.o(.data) for __stdout
    printf1.o(i.__0vsnprintf$1) refers to printf1.o(i._printf_core) for _printf_core
    printf1.o(i.__0vsnprintf$1) refers to printf1.o(i._snputc) for _snputc
    printf1.o(i.__0vsprintf$1) refers to printf1.o(i._printf_core) for _printf_core
    printf1.o(i.__0vsprintf$1) refers to printf1.o(i._sputc) for _sputc
    printf1.o(i._printf_core) refers to uidiv.o(.text) for __aeabi_uidivmod
    printf2.o(i.__0fprintf$2) refers to printf2.o(i._printf_core) for _printf_core
    printf2.o(i.__0fprintf$2) refers to serial_debug.o(.text) for fputc
    printf2.o(i.__0printf$2) refers to printf2.o(i._printf_core) for _printf_core
    printf2.o(i.__0printf$2) refers to serial_debug.o(.text) for fputc
    printf2.o(i.__0printf$2) refers to stdout.o(.data) for __stdout
    printf2.o(i.__0snprintf$2) refers to printf2.o(i._printf_core) for _printf_core
    printf2.o(i.__0snprintf$2) refers to printf2.o(i._snputc) for _snputc
    printf2.o(i.__0sprintf$2) refers to printf2.o(i._printf_core) for _printf_core
    printf2.o(i.__0sprintf$2) refers to printf2.o(i._sputc) for _sputc
    printf2.o(i.__0vfprintf$2) refers to printf2.o(i._printf_core) for _printf_core
    printf2.o(i.__0vfprintf$2) refers to serial_debug.o(.text) for fputc
    printf2.o(i.__0vprintf$2) refers to printf2.o(i._printf_core) for _printf_core
    printf2.o(i.__0vprintf$2) refers to serial_debug.o(.text) for fputc
    printf2.o(i.__0vprintf$2) refers to stdout.o(.data) for __stdout
    printf2.o(i.__0vsnprintf$2) refers to printf2.o(i._printf_core) for _printf_core
    printf2.o(i.__0vsnprintf$2) refers to printf2.o(i._snputc) for _snputc
    printf2.o(i.__0vsprintf$2) refers to printf2.o(i._printf_core) for _printf_core
    printf2.o(i.__0vsprintf$2) refers to printf2.o(i._sputc) for _sputc
    printf3.o(i.__0fprintf$3) refers to printf3.o(i._printf_core) for _printf_core
    printf3.o(i.__0fprintf$3) refers to serial_debug.o(.text) for fputc
    printf3.o(i.__0printf$3) refers to printf3.o(i._printf_core) for _printf_core
    printf3.o(i.__0printf$3) refers to serial_debug.o(.text) for fputc
    printf3.o(i.__0printf$3) refers to stdout.o(.data) for __stdout
    printf3.o(i.__0snprintf$3) refers to printf3.o(i._printf_core) for _printf_core
    printf3.o(i.__0snprintf$3) refers to printf3.o(i._snputc) for _snputc
    printf3.o(i.__0sprintf$3) refers to printf3.o(i._printf_core) for _printf_core
    printf3.o(i.__0sprintf$3) refers to printf3.o(i._sputc) for _sputc
    printf3.o(i.__0vfprintf$3) refers to printf3.o(i._printf_core) for _printf_core
    printf3.o(i.__0vfprintf$3) refers to serial_debug.o(.text) for fputc
    printf3.o(i.__0vprintf$3) refers to printf3.o(i._printf_core) for _printf_core
    printf3.o(i.__0vprintf$3) refers to serial_debug.o(.text) for fputc
    printf3.o(i.__0vprintf$3) refers to stdout.o(.data) for __stdout
    printf3.o(i.__0vsnprintf$3) refers to printf3.o(i._printf_core) for _printf_core
    printf3.o(i.__0vsnprintf$3) refers to printf3.o(i._snputc) for _snputc
    printf3.o(i.__0vsprintf$3) refers to printf3.o(i._printf_core) for _printf_core
    printf3.o(i.__0vsprintf$3) refers to printf3.o(i._sputc) for _sputc
    printf3.o(i._printf_core) refers to uidiv.o(.text) for __aeabi_uidivmod
    printf4.o(i.__0fprintf$4) refers to printf4.o(i._printf_core) for _printf_core
    printf4.o(i.__0fprintf$4) refers to serial_debug.o(.text) for fputc
    printf4.o(i.__0printf$4) refers to printf4.o(i._printf_core) for _printf_core
    printf4.o(i.__0printf$4) refers to serial_debug.o(.text) for fputc
    printf4.o(i.__0printf$4) refers to stdout.o(.data) for __stdout
    printf4.o(i.__0snprintf$4) refers to printf4.o(i._printf_core) for _printf_core
    printf4.o(i.__0snprintf$4) refers to printf4.o(i._snputc) for _snputc
    printf4.o(i.__0sprintf$4) refers to printf4.o(i._printf_core) for _printf_core
    printf4.o(i.__0sprintf$4) refers to printf4.o(i._sputc) for _sputc
    printf4.o(i.__0vfprintf$4) refers to printf4.o(i._printf_core) for _printf_core
    printf4.o(i.__0vfprintf$4) refers to serial_debug.o(.text) for fputc
    printf4.o(i.__0vprintf$4) refers to printf4.o(i._printf_core) for _printf_core
    printf4.o(i.__0vprintf$4) refers to serial_debug.o(.text) for fputc
    printf4.o(i.__0vprintf$4) refers to stdout.o(.data) for __stdout
    printf4.o(i.__0vsnprintf$4) refers to printf4.o(i._printf_core) for _printf_core
    printf4.o(i.__0vsnprintf$4) refers to printf4.o(i._snputc) for _snputc
    printf4.o(i.__0vsprintf$4) refers to printf4.o(i._printf_core) for _printf_core
    printf4.o(i.__0vsprintf$4) refers to printf4.o(i._sputc) for _sputc
    printf4.o(i._printf_core) refers to uldiv.o(.text) for __aeabi_uldivmod
    printf5.o(i.__0fprintf$5) refers to printf5.o(i._printf_core) for _printf_core
    printf5.o(i.__0fprintf$5) refers to serial_debug.o(.text) for fputc
    printf5.o(i.__0printf$5) refers to printf5.o(i._printf_core) for _printf_core
    printf5.o(i.__0printf$5) refers to serial_debug.o(.text) for fputc
    printf5.o(i.__0printf$5) refers to stdout.o(.data) for __stdout
    printf5.o(i.__0snprintf$5) refers to printf5.o(i._printf_core) for _printf_core
    printf5.o(i.__0snprintf$5) refers to printf5.o(i._snputc) for _snputc
    printf5.o(i.__0sprintf$5) refers to printf5.o(i._printf_core) for _printf_core
    printf5.o(i.__0sprintf$5) refers to printf5.o(i._sputc) for _sputc
    printf5.o(i.__0vfprintf$5) refers to printf5.o(i._printf_core) for _printf_core
    printf5.o(i.__0vfprintf$5) refers to serial_debug.o(.text) for fputc
    printf5.o(i.__0vprintf$5) refers to printf5.o(i._printf_core) for _printf_core
    printf5.o(i.__0vprintf$5) refers to serial_debug.o(.text) for fputc
    printf5.o(i.__0vprintf$5) refers to stdout.o(.data) for __stdout
    printf5.o(i.__0vsnprintf$5) refers to printf5.o(i._printf_core) for _printf_core
    printf5.o(i.__0vsnprintf$5) refers to printf5.o(i._snputc) for _snputc
    printf5.o(i.__0vsprintf$5) refers to printf5.o(i._printf_core) for _printf_core
    printf5.o(i.__0vsprintf$5) refers to printf5.o(i._sputc) for _sputc
    printf5.o(i._printf_core) refers to uldiv.o(.text) for __aeabi_uldivmod
    printf6.o(i.__0fprintf$6) refers to printf6.o(i._printf_core) for _printf_core
    printf6.o(i.__0fprintf$6) refers to serial_debug.o(.text) for fputc
    printf6.o(i.__0printf$6) refers to printf6.o(i._printf_core) for _printf_core
    printf6.o(i.__0printf$6) refers to serial_debug.o(.text) for fputc
    printf6.o(i.__0printf$6) refers to stdout.o(.data) for __stdout
    printf6.o(i.__0snprintf$6) refers to printf6.o(i._printf_core) for _printf_core
    printf6.o(i.__0snprintf$6) refers to printf6.o(i._snputc) for _snputc
    printf6.o(i.__0sprintf$6) refers to printf6.o(i._printf_core) for _printf_core
    printf6.o(i.__0sprintf$6) refers to printf6.o(i._sputc) for _sputc
    printf6.o(i.__0vfprintf$6) refers to printf6.o(i._printf_core) for _printf_core
    printf6.o(i.__0vfprintf$6) refers to serial_debug.o(.text) for fputc
    printf6.o(i.__0vprintf$6) refers to printf6.o(i._printf_core) for _printf_core
    printf6.o(i.__0vprintf$6) refers to serial_debug.o(.text) for fputc
    printf6.o(i.__0vprintf$6) refers to stdout.o(.data) for __stdout
    printf6.o(i.__0vsnprintf$6) refers to printf6.o(i._printf_core) for _printf_core
    printf6.o(i.__0vsnprintf$6) refers to printf6.o(i._snputc) for _snputc
    printf6.o(i.__0vsprintf$6) refers to printf6.o(i._printf_core) for _printf_core
    printf6.o(i.__0vsprintf$6) refers to printf6.o(i._sputc) for _sputc
    printf6.o(i._printf_core) refers to printf6.o(i._printf_pre_padding) for _printf_pre_padding
    printf6.o(i._printf_core) refers to uidiv.o(.text) for __aeabi_uidivmod
    printf6.o(i._printf_core) refers to printf6.o(i._printf_post_padding) for _printf_post_padding
    printf7.o(i.__0fprintf$7) refers to printf7.o(i._printf_core) for _printf_core
    printf7.o(i.__0fprintf$7) refers to serial_debug.o(.text) for fputc
    printf7.o(i.__0printf$7) refers to printf7.o(i._printf_core) for _printf_core
    printf7.o(i.__0printf$7) refers to serial_debug.o(.text) for fputc
    printf7.o(i.__0printf$7) refers to stdout.o(.data) for __stdout
    printf7.o(i.__0snprintf$7) refers to printf7.o(i._printf_core) for _printf_core
    printf7.o(i.__0snprintf$7) refers to printf7.o(i._snputc) for _snputc
    printf7.o(i.__0sprintf$7) refers to printf7.o(i._printf_core) for _printf_core
    printf7.o(i.__0sprintf$7) refers to printf7.o(i._sputc) for _sputc
    printf7.o(i.__0vfprintf$7) refers to printf7.o(i._printf_core) for _printf_core
    printf7.o(i.__0vfprintf$7) refers to serial_debug.o(.text) for fputc
    printf7.o(i.__0vprintf$7) refers to printf7.o(i._printf_core) for _printf_core
    printf7.o(i.__0vprintf$7) refers to serial_debug.o(.text) for fputc
    printf7.o(i.__0vprintf$7) refers to stdout.o(.data) for __stdout
    printf7.o(i.__0vsnprintf$7) refers to printf7.o(i._printf_core) for _printf_core
    printf7.o(i.__0vsnprintf$7) refers to printf7.o(i._snputc) for _snputc
    printf7.o(i.__0vsprintf$7) refers to printf7.o(i._printf_core) for _printf_core
    printf7.o(i.__0vsprintf$7) refers to printf7.o(i._sputc) for _sputc
    printf7.o(i._printf_core) refers to printf7.o(i._printf_pre_padding) for _printf_pre_padding
    printf7.o(i._printf_core) refers to uldiv.o(.text) for __aeabi_uldivmod
    printf7.o(i._printf_core) refers to printf7.o(i._printf_post_padding) for _printf_post_padding
    printf8.o(i.__0fprintf$8) refers to printf8.o(i._printf_core) for _printf_core
    printf8.o(i.__0fprintf$8) refers to serial_debug.o(.text) for fputc
    printf8.o(i.__0printf$8) refers to printf8.o(i._printf_core) for _printf_core
    printf8.o(i.__0printf$8) refers to serial_debug.o(.text) for fputc
    printf8.o(i.__0printf$8) refers to stdout.o(.data) for __stdout
    printf8.o(i.__0snprintf$8) refers to printf8.o(i._printf_core) for _printf_core
    printf8.o(i.__0snprintf$8) refers to printf8.o(i._snputc) for _snputc
    printf8.o(i.__0sprintf$8) refers to printf8.o(i._printf_core) for _printf_core
    printf8.o(i.__0sprintf$8) refers to printf8.o(i._sputc) for _sputc
    printf8.o(i.__0vfprintf$8) refers to printf8.o(i._printf_core) for _printf_core
    printf8.o(i.__0vfprintf$8) refers to serial_debug.o(.text) for fputc
    printf8.o(i.__0vprintf$8) refers to printf8.o(i._printf_core) for _printf_core
    printf8.o(i.__0vprintf$8) refers to serial_debug.o(.text) for fputc
    printf8.o(i.__0vprintf$8) refers to stdout.o(.data) for __stdout
    printf8.o(i.__0vsnprintf$8) refers to printf8.o(i._printf_core) for _printf_core
    printf8.o(i.__0vsnprintf$8) refers to printf8.o(i._snputc) for _snputc
    printf8.o(i.__0vsprintf$8) refers to printf8.o(i._printf_core) for _printf_core
    printf8.o(i.__0vsprintf$8) refers to printf8.o(i._sputc) for _sputc
    printf8.o(i._printf_core) refers to printf8.o(i._printf_pre_padding) for _printf_pre_padding
    printf8.o(i._printf_core) refers to uldiv.o(.text) for __aeabi_uldivmod
    printf8.o(i._printf_core) refers to printf8.o(i._printf_post_padding) for _printf_post_padding
    printfa.o(i.__0fprintf) refers (Special) to iusefp.o(.text) for __I$use$fp
    printfa.o(i.__0fprintf) refers to printfa.o(i._printf_core) for _printf_core
    printfa.o(i.__0fprintf) refers to serial_debug.o(.text) for fputc
    printfa.o(i.__0printf) refers (Special) to iusefp.o(.text) for __I$use$fp
    printfa.o(i.__0printf) refers to printfa.o(i._printf_core) for _printf_core
    printfa.o(i.__0printf) refers to serial_debug.o(.text) for fputc
    printfa.o(i.__0printf) refers to stdout.o(.data) for __stdout
    printfa.o(i.__0snprintf) refers (Special) to iusefp.o(.text) for __I$use$fp
    printfa.o(i.__0snprintf) refers to printfa.o(i._printf_core) for _printf_core
    printfa.o(i.__0snprintf) refers to printfa.o(i._snputc) for _snputc
    printfa.o(i.__0sprintf) refers (Special) to iusefp.o(.text) for __I$use$fp
    printfa.o(i.__0sprintf) refers to printfa.o(i._printf_core) for _printf_core
    printfa.o(i.__0sprintf) refers to printfa.o(i._sputc) for _sputc
    printfa.o(i.__0vfprintf) refers (Special) to iusefp.o(.text) for __I$use$fp
    printfa.o(i.__0vfprintf) refers to printfa.o(i._printf_core) for _printf_core
    printfa.o(i.__0vfprintf) refers to serial_debug.o(.text) for fputc
    printfa.o(i.__0vprintf) refers (Special) to iusefp.o(.text) for __I$use$fp
    printfa.o(i.__0vprintf) refers to printfa.o(i._printf_core) for _printf_core
    printfa.o(i.__0vprintf) refers to serial_debug.o(.text) for fputc
    printfa.o(i.__0vprintf) refers to stdout.o(.data) for __stdout
    printfa.o(i.__0vsnprintf) refers (Special) to iusefp.o(.text) for __I$use$fp
    printfa.o(i.__0vsnprintf) refers to printfa.o(i._printf_core) for _printf_core
    printfa.o(i.__0vsnprintf) refers to printfa.o(i._snputc) for _snputc
    printfa.o(i.__0vsprintf) refers (Special) to iusefp.o(.text) for __I$use$fp
    printfa.o(i.__0vsprintf) refers to printfa.o(i._printf_core) for _printf_core
    printfa.o(i.__0vsprintf) refers to printfa.o(i._sputc) for _sputc
    printfa.o(i._fp_digits) refers (Special) to iusefp.o(.text) for __I$use$fp
    printfa.o(i._fp_digits) refers to dmul.o(.text) for __aeabi_dmul
    printfa.o(i._fp_digits) refers to ddiv.o(.text) for __aeabi_ddiv
    printfa.o(i._fp_digits) refers to cdrcmple.o(.text) for __aeabi_cdrcmple
    printfa.o(i._fp_digits) refers to dadd.o(.text) for __aeabi_dadd
    printfa.o(i._fp_digits) refers to dfixul.o(.text) for __aeabi_d2ulz
    printfa.o(i._fp_digits) refers to uldiv.o(.text) for __aeabi_uldivmod
    printfa.o(i._printf_core) refers (Special) to iusefp.o(.text) for __I$use$fp
    printfa.o(i._printf_core) refers to printfa.o(i._printf_pre_padding) for _printf_pre_padding
    printfa.o(i._printf_core) refers to uldiv.o(.text) for __aeabi_uldivmod
    printfa.o(i._printf_core) refers to printfa.o(i._printf_post_padding) for _printf_post_padding
    printfa.o(i._printf_core) refers to printfa.o(i._fp_digits) for _fp_digits
    printfa.o(i._printf_core) refers to uidiv.o(.text) for __aeabi_uidivmod
    printfa.o(i._printf_post_padding) refers (Special) to iusefp.o(.text) for __I$use$fp
    printfa.o(i._printf_pre_padding) refers (Special) to iusefp.o(.text) for __I$use$fp
    printfa.o(i._snputc) refers (Special) to iusefp.o(.text) for __I$use$fp
    printfa.o(i._sputc) refers (Special) to iusefp.o(.text) for __I$use$fp
    malloc.o(i.free) refers to mvars.o(.data) for __microlib_freelist
    malloc.o(i.malloc) refers to mvars.o(.data) for __microlib_freelist_initialised
    malloc.o(i.malloc) refers to mvars.o(.data) for __microlib_freelist
    malloc.o(i.malloc) refers to startup_tm4c123.o(HEAP) for __heap_base
    mallocr.o(i.__free$realloc) refers to mvars.o(.data) for __microlib_freelist
    mallocr.o(i.__malloc$realloc) refers to mallocr.o(i.internal_alloc) for internal_alloc
    mallocr.o(i.__malloc$realloc) refers to mvars.o(.data) for __microlib_freelist_initialised
    mallocr.o(i.__malloc$realloc) refers to startup_tm4c123.o(HEAP) for __heap_base
    mallocr.o(i.__malloc$realloc) refers to mvars.o(.data) for __microlib_freelist
    mallocr.o(i.internal_alloc) refers to memcpya.o(.text) for __aeabi_memcpy
    mallocr.o(i.internal_alloc) refers to mvars.o(.data) for __microlib_freelist
    mallocr.o(i.realloc) refers to mallocr.o(i.__free$realloc) for __free$realloc
    mallocr.o(i.realloc) refers to mallocr.o(i.internal_alloc) for internal_alloc
    mallocr.o(i.realloc) refers to mallocr.o(i.__malloc$realloc) for __malloc$realloc
    mallocr.o(i.realloc) refers to mvars.o(.data) for __microlib_freelist
    malloca.o(i.__aligned_malloc) refers to mvars.o(.data) for __microlib_freelist_initialised
    malloca.o(i.__aligned_malloc) refers to mvars.o(.data) for __microlib_freelist
    malloca.o(i.__aligned_malloc) refers to startup_tm4c123.o(HEAP) for __heap_base
    malloca.o(i.__free$memalign) refers to mvars.o(.data) for __microlib_freelist
    malloca.o(i.__malloc$memalign) refers to malloca.o(i.__aligned_malloc) for __aligned_malloc
    mallocra.o(i.__aligned_malloc$realloc) refers to mallocra.o(i.internal_alloc) for internal_alloc
    mallocra.o(i.__aligned_malloc$realloc) refers to mvars.o(.data) for __microlib_freelist_initialised
    mallocra.o(i.__aligned_malloc$realloc) refers to startup_tm4c123.o(HEAP) for __heap_base
    mallocra.o(i.__aligned_malloc$realloc) refers to mvars.o(.data) for __microlib_freelist
    mallocra.o(i.__free$realloc$memalign) refers to mvars.o(.data) for __microlib_freelist
    mallocra.o(i.__malloc$realloc$memalign) refers to mallocra.o(i.__aligned_malloc$realloc) for __aligned_malloc$realloc
    mallocra.o(i.__realloc$memalign) refers to mallocra.o(i.__free$realloc$memalign) for __free$realloc$memalign
    mallocra.o(i.__realloc$memalign) refers to mallocra.o(i.internal_alloc) for internal_alloc
    mallocra.o(i.__realloc$memalign) refers to mallocra.o(i.__malloc$realloc$memalign) for __malloc$realloc$memalign
    mallocra.o(i.__realloc$memalign) refers to mvars.o(.data) for __microlib_freelist
    mallocra.o(i.internal_alloc) refers to memcpya.o(.text) for __aeabi_memcpy
    mallocra.o(i.internal_alloc) refers to mvars.o(.data) for __microlib_freelist
    dfltui.o(.text) refers (Special) to iusefp.o(.text) for __I$use$fp
    dfltui.o(.text) refers to depilogue.o(.text) for _double_epilogue
    cdcmple.o(.text) refers (Special) to iusefp.o(.text) for __I$use$fp
    cdrcmple.o(.text) refers (Special) to iusefp.o(.text) for __I$use$fp
    entry2.o(.ARM.Collect$$$$00000001) refers to entry2.o(.ARM.Collect$$$$00002712) for __lit__00000000
    entry2.o(.ARM.Collect$$$$00002712) refers to startup_tm4c123.o(STACK) for __initial_sp
    entry2.o(__vectab_stack_and_reset_area) refers to startup_tm4c123.o(STACK) for __initial_sp
    entry2.o(__vectab_stack_and_reset_area) refers to entry.o(.ARM.Collect$$$$00000000) for __main
    entry5.o(.ARM.Collect$$$$00000004) refers to init.o(.text) for __scatterload
    entry9a.o(.ARM.Collect$$$$0000000B) refers to main.o(.text) for main
    entry9b.o(.ARM.Collect$$$$0000000C) refers to main.o(.text) for main
    uldiv.o(.text) refers to llushr.o(.text) for __aeabi_llsr
    uldiv.o(.text) refers to llshl.o(.text) for __aeabi_llsl
    depilogue.o(.text) refers to llshl.o(.text) for __aeabi_llsl
    depilogue.o(.text) refers to llushr.o(.text) for __aeabi_llsr
    dadd.o(.text) refers to llshl.o(.text) for __aeabi_llsl
    dadd.o(.text) refers to llsshr.o(.text) for __aeabi_lasr
    dadd.o(.text) refers to depilogue.o(.text) for _double_epilogue
    dmul.o(.text) refers to depilogue.o(.text) for _double_epilogue
    ddiv.o(.text) refers to depilogue.o(.text) for _double_round
    dfixul.o(.text) refers to llushr.o(.text) for __aeabi_llsr
    dfixul.o(.text) refers to llshl.o(.text) for __aeabi_llsl
    init.o(.text) refers to entry5.o(.ARM.Collect$$$$00000004) for __main_after_scatterload


==============================================================================

Removing Unused input sections from the image.

    Removing main.o(.rev16_text), (4 bytes).
    Removing main.o(.revsh_text), (4 bytes).
    Removing main.o(.rrx_text), (6 bytes).
    Removing hw3_staff.o(.rev16_text), (4 bytes).
    Removing hw3_staff.o(.revsh_text), (4 bytes).
    Removing hw3_staff.o(.rrx_text), (6 bytes).
    Removing hw3.o(.rev16_text), (4 bytes).
    Removing hw3.o(.revsh_text), (4 bytes).
    Removing hw3.o(.rrx_text), (6 bytes).
    Removing hw3_interrupts.o(.rev16_text), (4 bytes).
    Removing hw3_interrupts.o(.revsh_text), (4 bytes).
    Removing hw3_interrupts.o(.rrx_text), (6 bytes).
    Removing display.o(.rev16_text), (4 bytes).
    Removing display.o(.revsh_text), (4 bytes).
    Removing display.o(.rrx_text), (6 bytes).
    Removing scoreboard.o(.rev16_text), (4 bytes).
    Removing scoreboard.o(.revsh_text), (4 bytes).
    Removing scoreboard.o(.rrx_text), (6 bytes).
    Removing gpio_port.o(.rev16_text), (4 bytes).
    Removing gpio_port.o(.revsh_text), (4 bytes).
    Removing gpio_port.o(.rrx_text), (6 bytes).
    Removing timers.o(.rev16_text), (4 bytes).
    Removing timers.o(.revsh_text), (4 bytes).
    Removing timers.o(.rrx_text), (6 bytes).
    Removing adc.o(.rev16_text), (4 bytes).
    Removing adc.o(.revsh_text), (4 bytes).
    Removing adc.o(.rrx_text), (6 bytes).
    Removing adc.o(.text), (296 bytes).
    Removing uart.o(.rev16_text), (4 bytes).
    Removing uart.o(.revsh_text), (4 bytes).
    Removing uart.o(.rrx_text), (6 bytes).
    Removing uart.o(.data), (4 bytes).
    Removing i2c.o(.rev16_text), (4 bytes).
    Removing i2c.o(.revsh_text), (4 bytes).
    Removing i2c.o(.rrx_text), (6 bytes).
    Removing spi.o(.rev16_text), (4 bytes).
    Removing spi.o(.revsh_text), (4 bytes).
    Removing spi.o(.rrx_text), (6 bytes).
    Removing spi.o(.text), (352 bytes).
    Removing lcd.o(.rev16_text), (4 bytes).
    Removing lcd.o(.revsh_text), (4 bytes).
    Removing lcd.o(.rrx_text), (6 bytes).
    Removing ps2-new.o(.rev16_text), (4 bytes).
    Removing ps2-new.o(.revsh_text), (4 bytes).
    Removing ps2-new.o(.rrx_text), (6 bytes).
    Removing serial_debug.o(.rev16_text), (4 bytes).
    Removing serial_debug.o(.revsh_text), (4 bytes).
    Removing serial_debug.o(.rrx_text), (6 bytes).
    Removing io_expander.o(.rev16_text), (4 bytes).
    Removing io_expander.o(.revsh_text), (4 bytes).
    Removing io_expander.o(.rrx_text), (6 bytes).
    Removing ft6x06.o(.rev16_text), (4 bytes).
    Removing ft6x06.o(.revsh_text), (4 bytes).
    Removing ft6x06.o(.rrx_text), (6 bytes).
    Removing eeprom.o(.rev16_text), (4 bytes).
    Removing eeprom.o(.revsh_text), (4 bytes).
    Removing eeprom.o(.rrx_text), (6 bytes).
    Removing system_tm4c123.o(.rev16_text), (4 bytes).
    Removing system_tm4c123.o(.revsh_text), (4 bytes).
    Removing system_tm4c123.o(.rrx_text), (6 bytes).
    Removing hw2.o(.rev16_text), (4 bytes).
    Removing hw2.o(.revsh_text), (4 bytes).
    Removing hw2.o(.rrx_text), (6 bytes).
    Removing dadd.o(.text), (334 bytes).
    Removing dmul.o(.text), (228 bytes).
    Removing ddiv.o(.text), (222 bytes).
    Removing dfixul.o(.text), (48 bytes).

67 unused section(s) (total 1764 bytes) removed from the image.

==============================================================================

Image Symbol Table

    Local Symbols

    Symbol Name                              Value     Ov Type        Size  Object(Section)

    RESET                                    0x00000000   Section      620  startup_tm4c123.o(RESET)
    ../clib/microlib/division.c              0x00000000   Number         0  uidiv.o ABSOLUTE
    ../clib/microlib/division.c              0x00000000   Number         0  uldiv.o ABSOLUTE
    ../clib/microlib/init/entry.s            0x00000000   Number         0  entry7b.o ABSOLUTE
    ../clib/microlib/init/entry.s            0x00000000   Number         0  entry.o ABSOLUTE
    ../clib/microlib/init/entry.s            0x00000000   Number         0  entry2.o ABSOLUTE
    ../clib/microlib/init/entry.s            0x00000000   Number         0  entry9a.o ABSOLUTE
    ../clib/microlib/init/entry.s            0x00000000   Number         0  entry8b.o ABSOLUTE
    ../clib/microlib/init/entry.s            0x00000000   Number         0  entry8a.o ABSOLUTE
    ../clib/microlib/init/entry.s            0x00000000   Number         0  entry11b.o ABSOLUTE
    ../clib/microlib/init/entry.s            0x00000000   Number         0  entry11a.o ABSOLUTE
    ../clib/microlib/init/entry.s            0x00000000   Number         0  entry10b.o ABSOLUTE
    ../clib/microlib/init/entry.s            0x00000000   Number         0  entry10a.o ABSOLUTE
    ../clib/microlib/init/entry.s            0x00000000   Number         0  entry9b.o ABSOLUTE
    ../clib/microlib/init/entry.s            0x00000000   Number         0  entry7a.o ABSOLUTE
    ../clib/microlib/init/entry.s            0x00000000   Number         0  entry5.o ABSOLUTE
    ../clib/microlib/longlong.c              0x00000000   Number         0  llshl.o ABSOLUTE
    ../clib/microlib/longlong.c              0x00000000   Number         0  llsshr.o ABSOLUTE
    ../clib/microlib/longlong.c              0x00000000   Number         0  llushr.o ABSOLUTE
    ../clib/microlib/malloc/malloc.c         0x00000000   Number         0  malloca.o ABSOLUTE
    ../clib/microlib/malloc/malloc.c         0x00000000   Number         0  mallocra.o ABSOLUTE
    ../clib/microlib/malloc/malloc.c         0x00000000   Number         0  malloc.o ABSOLUTE
    ../clib/microlib/malloc/malloc.c         0x00000000   Number         0  mallocr.o ABSOLUTE
    ../clib/microlib/malloc/mvars.c          0x00000000   Number         0  mvars.o ABSOLUTE
    ../clib/microlib/printf/printf.c         0x00000000   Number         0  printf6.o ABSOLUTE
    ../clib/microlib/printf/printf.c         0x00000000   Number         0  printf0.o ABSOLUTE
    ../clib/microlib/printf/printf.c         0x00000000   Number         0  printf7.o ABSOLUTE
    ../clib/microlib/printf/printf.c         0x00000000   Number         0  printf2.o ABSOLUTE
    ../clib/microlib/printf/printf.c         0x00000000   Number         0  printf1.o ABSOLUTE
    ../clib/microlib/printf/printf.c         0x00000000   Number         0  printf8.o ABSOLUTE
    ../clib/microlib/printf/printf.c         0x00000000   Number         0  printfa.o ABSOLUTE
    ../clib/microlib/printf/printf.c         0x00000000   Number         0  printf3.o ABSOLUTE
    ../clib/microlib/printf/printf.c         0x00000000   Number         0  printf4.o ABSOLUTE
    ../clib/microlib/printf/printf.c         0x00000000   Number         0  printfb.o ABSOLUTE
    ../clib/microlib/printf/printf.c         0x00000000   Number         0  printf5.o ABSOLUTE
    ../clib/microlib/printf/stubs.s          0x00000000   Number         0  stubs.o ABSOLUTE
    ../clib/microlib/stdio/streams.c         0x00000000   Number         0  stdout.o ABSOLUTE
    ../clib/microlib/stdlib/rand.c           0x00000000   Number         0  rand.o ABSOLUTE
    ../clib/microlib/string/memcpy.c         0x00000000   Number         0  memcpyb.o ABSOLUTE
    ../clib/microlib/string/memcpy.c         0x00000000   Number         0  memcpya.o ABSOLUTE
    ../clib/microlib/string/strlen.c         0x00000000   Number         0  strlen.o ABSOLUTE
    ../clib/microlib/stubs.s                 0x00000000   Number         0  iusefp.o ABSOLUTE
    ../fplib/microlib/fpadd.c                0x00000000   Number         0  dadd.o ABSOLUTE
    ../fplib/microlib/fpdiv.c                0x00000000   Number         0  ddiv.o ABSOLUTE
    ../fplib/microlib/fpepilogue.c           0x00000000   Number         0  depilogue.o ABSOLUTE
    ../fplib/microlib/fpfix.c                0x00000000   Number         0  dfixul.o ABSOLUTE
    ../fplib/microlib/fpflt.c                0x00000000   Number         0  dfltui.o ABSOLUTE
    ../fplib/microlib/fpmul.c                0x00000000   Number         0  dmul.o ABSOLUTE
    ..\\drivers\\c\\adc.c                    0x00000000   Number         0  adc.o ABSOLUTE
    ..\\drivers\\c\\gpio_port.c              0x00000000   Number         0  gpio_port.o ABSOLUTE
    ..\\drivers\\c\\i2c.c                    0x00000000   Number         0  i2c.o ABSOLUTE
    ..\\drivers\\c\\spi.c                    0x00000000   Number         0  spi.o ABSOLUTE
    ..\\drivers\\c\\timers.c                 0x00000000   Number         0  timers.o ABSOLUTE
    ..\\drivers\\c\\uart.c                   0x00000000   Number         0  uart.o ABSOLUTE
    ..\\peripherals\\c\\eeprom.c             0x00000000   Number         0  eeprom.o ABSOLUTE
    ..\\peripherals\\c\\ft6x06.c             0x00000000   Number         0  ft6x06.o ABSOLUTE
    ..\\peripherals\\c\\io_expander.c        0x00000000   Number         0  io_expander.o ABSOLUTE
    ..\\peripherals\\c\\lcd.c                0x00000000   Number         0  lcd.o ABSOLUTE
    ..\\peripherals\\c\\serial_debug.c       0x00000000   Number         0  serial_debug.o ABSOLUTE
    ..\drivers\c\adc.c                       0x00000000   Number         0  adc.o ABSOLUTE
    ..\drivers\c\gpio_port.c                 0x00000000   Number         0  gpio_port.o ABSOLUTE
    ..\drivers\c\i2c.c                       0x00000000   Number         0  i2c.o ABSOLUTE
    ..\drivers\c\pc_buffer.c                 0x00000000   Number         0  pc_buffer.o ABSOLUTE
    ..\drivers\c\spi.c                       0x00000000   Number         0  spi.o ABSOLUTE
    ..\drivers\c\timers.c                    0x00000000   Number         0  timers.o ABSOLUTE
    ..\drivers\c\uart.c                      0x00000000   Number         0  uart.o ABSOLUTE
    ..\peripherals\c\eeprom.c                0x00000000   Number         0  eeprom.o ABSOLUTE
    ..\peripherals\c\ft6x06.c                0x00000000   Number         0  ft6x06.o ABSOLUTE
    ..\peripherals\c\io_expander.c           0x00000000   Number         0  io_expander.o ABSOLUTE
    ..\peripherals\c\lcd.c                   0x00000000   Number         0  lcd.o ABSOLUTE
    ..\peripherals\c\serial_debug.c          0x00000000   Number         0  serial_debug.o ABSOLUTE
    RTE\Device\TM4C123GH6PM\startup_TM4C123.s 0x00000000   Number         0  startup_tm4c123.o ABSOLUTE
    RTE\Device\TM4C123GH6PM\system_TM4C123.c 0x00000000   Number         0  system_tm4c123.o ABSOLUTE
    RTE\\Device\\TM4C123GH6PM\\system_TM4C123.c 0x00000000   Number         0  system_tm4c123.o ABSOLUTE
    cdcmple.s                                0x00000000   Number         0  cdcmple.o ABSOLUTE
    cdrcmple.s                               0x00000000   Number         0  cdrcmple.o ABSOLUTE
    dc.s                                     0x00000000   Number         0  dc.o ABSOLUTE
    display.c                                0x00000000   Number         0  display.o ABSOLUTE
    display.c                                0x00000000   Number         0  display.o ABSOLUTE
    handlers.s                               0x00000000   Number         0  handlers.o ABSOLUTE
    hw2.c                                    0x00000000   Number         0  hw2.o ABSOLUTE
    hw2.c                                    0x00000000   Number         0  hw2.o ABSOLUTE
    hw3.c                                    0x00000000   Number         0  hw3.o ABSOLUTE
    hw3.c                                    0x00000000   Number         0  hw3.o ABSOLUTE
    hw3_images.c                             0x00000000   Number         0  hw3_images.o ABSOLUTE
    hw3_interrupts.c                         0x00000000   Number         0  hw3_interrupts.o ABSOLUTE
    hw3_interrupts.c                         0x00000000   Number         0  hw3_interrupts.o ABSOLUTE
    hw3_staff.c                              0x00000000   Number         0  hw3_staff.o ABSOLUTE
    hw3_staff.c                              0x00000000   Number         0  hw3_staff.o ABSOLUTE
    init.s                                   0x00000000   Number         0  init.o ABSOLUTE
    main.c                                   0x00000000   Number         0  main.o ABSOLUTE
    main.c                                   0x00000000   Number         0  main.o ABSOLUTE
    ps2-new.c                                0x00000000   Number         0  ps2-new.o ABSOLUTE
    ps2-new.c                                0x00000000   Number         0  ps2-new.o ABSOLUTE
    scoreboard.c                             0x00000000   Number         0  scoreboard.o ABSOLUTE
    scoreboard.c                             0x00000000   Number         0  scoreboard.o ABSOLUTE
    .ARM.Collect$$$$00000000                 0x0000026c   Section        0  entry.o(.ARM.Collect$$$$00000000)
    .ARM.Collect$$$$00000001                 0x0000026c   Section        4  entry2.o(.ARM.Collect$$$$00000001)
    .ARM.Collect$$$$00000004                 0x00000270   Section        4  entry5.o(.ARM.Collect$$$$00000004)
    .ARM.Collect$$$$00000008                 0x00000274   Section        0  entry7b.o(.ARM.Collect$$$$00000008)
    .ARM.Collect$$$$0000000A                 0x00000274   Section        0  entry8b.o(.ARM.Collect$$$$0000000A)
    .ARM.Collect$$$$0000000B                 0x00000274   Section        8  entry9a.o(.ARM.Collect$$$$0000000B)
    .ARM.Collect$$$$0000000D                 0x0000027c   Section        0  entry10a.o(.ARM.Collect$$$$0000000D)
    .ARM.Collect$$$$0000000F                 0x0000027c   Section        0  entry11a.o(.ARM.Collect$$$$0000000F)
    .ARM.Collect$$$$00002712                 0x0000027c   Section        4  entry2.o(.ARM.Collect$$$$00002712)
    __lit__00000000                          0x0000027c   Data           4  entry2.o(.ARM.Collect$$$$00002712)
    .text                                    0x00000280   Section        0  main.o(.text)
    .text                                    0x00000340   Section        0  hw3_staff.o(.text)
    .text                                    0x000003bc   Section        0  hw3.o(.text)
    .text                                    0x00000874   Section        0  hw3_interrupts.o(.text)
    .text                                    0x00000dbc   Section        0  display.o(.text)
    .text                                    0x00000e58   Section        0  scoreboard.o(.text)
    .text                                    0x00000f00   Section        0  gpio_port.o(.text)
    verify_base_addr                         0x00000f01   Thumb Code    64  gpio_port.o(.text)
    .text                                    0x000011c4   Section        0  timers.o(.text)
    verify_base_addr                         0x000011c5   Thumb Code    64  timers.o(.text)
    get_clock_masks                          0x0000124f   Thumb Code   106  timers.o(.text)
    .text                                    0x0000140c   Section        0  pc_buffer.o(.text)
    .text                                    0x00001488   Section        0  uart.o(.text)
    .text                                    0x0000171c   Section        0  i2c.o(.text)
    .text                                    0x00001924   Section        0  lcd.o(.text)
    lcd_write_cmd_u8                         0x0000193f   Thumb Code    40  lcd.o(.text)
    lcd_write_data_u8                        0x00001967   Thumb Code    28  lcd.o(.text)
    lcd_write_data_u16                       0x00001983   Thumb Code    48  lcd.o(.text)
    .text                                    0x0000246c   Section        0  ps2-new.o(.text)
    initialize_adc_gpio_pins                 0x0000246d   Thumb Code    34  ps2-new.o(.text)
    ps2_configure_adc                        0x0000248f   Thumb Code   118  ps2-new.o(.text)
    .text                                    0x00002584   Section        0  serial_debug.o(.text)
    .text                                    0x000027a0   Section        0  io_expander.o(.text)
    .text                                    0x00002950   Section        0  ft6x06.o(.text)
    ft6x06_set_addr                          0x00002951   Thumb Code    50  ft6x06.o(.text)
    ft6x06_read_data                         0x00002983   Thumb Code    50  ft6x06.o(.text)
    .text                                    0x00002b1c   Section        0  eeprom.o(.text)
    eeprom_wait_for_write                    0x00002b1d   Thumb Code    68  eeprom.o(.text)
    .text                                    0x00002cdc   Section      252  startup_tm4c123.o(.text)
    $v0                                      0x00002cdc   Number         0  startup_tm4c123.o(.text)
    .text                                    0x00002dd8   Section        0  system_tm4c123.o(.text)
    getOscClk                                0x00002dd9   Thumb Code   182  system_tm4c123.o(.text)
    .text                                    0x00003024   Section        0  hw2.o(.text)
    .text                                    0x00003174   Section        0  rand.o(.text)
    .text                                    0x00003198   Section        0  memcpya.o(.text)
    .text                                    0x000031bc   Section        0  strlen.o(.text)
    .text                                    0x000031ca   Section        0  dfltui.o(.text)
    .text                                    0x000031e4   Section       48  cdcmple.o(.text)
    .text                                    0x00003214   Section       48  cdrcmple.o(.text)
    .text                                    0x00003244   Section        0  uldiv.o(.text)
    .text                                    0x000032a6   Section        0  depilogue.o(.text)
    .text                                    0x000032a6   Section        0  iusefp.o(.text)
    .text                                    0x00003360   Section       36  init.o(.text)
    .text                                    0x00003384   Section        0  llshl.o(.text)
    .text                                    0x000033a2   Section        0  llushr.o(.text)
    i.__0sprintf$5                           0x000033c4   Section        0  printf5.o(i.__0sprintf$5)
    i.__scatterload_copy                     0x000033ec   Section       14  handlers.o(i.__scatterload_copy)
    i.__scatterload_null                     0x000033fa   Section        2  handlers.o(i.__scatterload_null)
    i.__scatterload_zeroinit                 0x000033fc   Section       14  handlers.o(i.__scatterload_zeroinit)
    i._printf_core                           0x0000340c   Section        0  printf5.o(i._printf_core)
    _printf_core                             0x0000340d   Thumb Code   658  printf5.o(i._printf_core)
    i._sputc                                 0x000036cc   Section        0  printf5.o(i._sputc)
    _sputc                                   0x000036cd   Thumb Code    10  printf5.o(i._sputc)
    i.malloc                                 0x000036d8   Section        0  malloc.o(i.malloc)
    .constdata                               0x00003744   Section       20  hw3_staff.o(.constdata)
    MOVE_AMOUNT                              0x00003744   Data          16  hw3_staff.o(.constdata)
    MOV_DIR                                  0x00003754   Data           4  hw3_staff.o(.constdata)
    .constdata                               0x00003758   Section      822  hw3_images.o(.constdata)
    .constdata                               0x00003a8e   Section     6048  display.o(.constdata)
    .data                                    0x20000000   Section        2  hw3_staff.o(.data)
    lfsr                                     0x20000000   Data           2  hw3_staff.o(.data)
    .data                                    0x20000004   Section       50  hw3.o(.data)
    .data                                    0x20000038   Section       38  hw3_interrupts.o(.data)
    PS2_X_DATA                               0x20000038   Data           2  hw3_interrupts.o(.data)
    PS2_Y_DATA                               0x2000003a   Data           2  hw3_interrupts.o(.data)
    PS2_DIR                                  0x2000003c   Data           1  hw3_interrupts.o(.data)
    MOVE_COUNT                               0x2000003e   Data           2  hw3_interrupts.o(.data)
    SPACE_SHIP_DIRECTION                     0x20000040   Data           1  hw3_interrupts.o(.data)
    BULLET_WIDTH                             0x20000044   Data           4  hw3_interrupts.o(.data)
    BULLET_HEIGHT                            0x20000048   Data           4  hw3_interrupts.o(.data)
    LCD_WIDTH                                0x2000004c   Data           4  hw3_interrupts.o(.data)
    LCD_HEIGHT                               0x20000050   Data           4  hw3_interrupts.o(.data)
    .data                                    0x2000005e   Section        2  serial_debug.o(.data)
    Rx_Interrupts_Enabled                    0x2000005e   Data           1  serial_debug.o(.data)
    Tx_Interrupts_Enabled                    0x2000005f   Data           1  serial_debug.o(.data)
    .data                                    0x20000060   Section        4  system_tm4c123.o(.data)
    .data                                    0x20000064   Section        4  stdout.o(.data)
    .data                                    0x20000068   Section        4  rand.o(.data)
    _rand_state                              0x20000068   Data           4  rand.o(.data)
    .data                                    0x2000006c   Section        4  mvars.o(.data)
    .data                                    0x20000070   Section        4  mvars.o(.data)
    .bss                                     0x20000074   Section      128  hw3_interrupts.o(.bss)
    .bss                                     0x200000f4   Section       28  serial_debug.o(.bss)
    HEAP                                     0x20000110   Section        0  startup_tm4c123.o(HEAP)
    STACK                                    0x20000110   Section     4096  startup_tm4c123.o(STACK)

    Global Symbols

    Symbol Name                              Value     Ov Type        Size  Object(Section)

    BuildAttributes$$THM_ISAv4$E$P$D$K$B$S$7EM$VFPi3$EXTD16$VFPS$VFMA$PE$A:L22UL41UL21$X:L11$S22US41US21$IEEE1$IW$USESV6$~STKCKD$USESV7$~SHL$OSPACE$ROPI$EBA8$MICROLIB$REQ8$PRES8$EABIv2 0x00000000   Number         0  anon$$obj.o ABSOLUTE
    __ARM_use_no_argv                        0x00000000   Number         0  main.o ABSOLUTE
    __Vectors                                0x00000000   Data           4  startup_tm4c123.o(RESET)
    _printf_a                                0x00000000   Number         0  stubs.o ABSOLUTE
    _printf_c                                0x00000000   Number         0  stubs.o ABSOLUTE
    _printf_charcount                        0x00000000   Number         0  stubs.o ABSOLUTE
    _printf_d                                0x00000000   Number         0  stubs.o ABSOLUTE
    _printf_e                                0x00000000   Number         0  stubs.o ABSOLUTE
    _printf_f                                0x00000000   Number         0  stubs.o ABSOLUTE
    _printf_flags                            0x00000000   Number         0  stubs.o ABSOLUTE
    _printf_fp_dec                           0x00000000   Number         0  stubs.o ABSOLUTE
    _printf_fp_hex                           0x00000000   Number         0  stubs.o ABSOLUTE
    _printf_g                                0x00000000   Number         0  stubs.o ABSOLUTE
    _printf_i                                0x00000000   Number         0  stubs.o ABSOLUTE
    _printf_int_dec                          0x00000000   Number         0  stubs.o ABSOLUTE
    _printf_l                                0x00000000   Number         0  stubs.o ABSOLUTE
    _printf_lc                               0x00000000   Number         0  stubs.o ABSOLUTE
    _printf_ll                               0x00000000   Number         0  stubs.o ABSOLUTE
    _printf_lld                              0x00000000   Number         0  stubs.o ABSOLUTE
    _printf_lli                              0x00000000   Number         0  stubs.o ABSOLUTE
    _printf_llo                              0x00000000   Number         0  stubs.o ABSOLUTE
    _printf_llu                              0x00000000   Number         0  stubs.o ABSOLUTE
    _printf_llx                              0x00000000   Number         0  stubs.o ABSOLUTE
    _printf_longlong_dec                     0x00000000   Number         0  stubs.o ABSOLUTE
    _printf_longlong_hex                     0x00000000   Number         0  stubs.o ABSOLUTE
    _printf_longlong_oct                     0x00000000   Number         0  stubs.o ABSOLUTE
    _printf_ls                               0x00000000   Number         0  stubs.o ABSOLUTE
    _printf_mbtowc                           0x00000000   Number         0  stubs.o ABSOLUTE
    _printf_n                                0x00000000   Number         0  stubs.o ABSOLUTE
    _printf_o                                0x00000000   Number         0  stubs.o ABSOLUTE
    _printf_p                                0x00000000   Number         0  stubs.o ABSOLUTE
    _printf_percent                          0x00000000   Number         0  stubs.o ABSOLUTE
    _printf_pre_padding                      0x00000000   Number         0  stubs.o ABSOLUTE
    _printf_return_value                     0x00000000   Number         0  stubs.o ABSOLUTE
    _printf_s                                0x00000000   Number         0  stubs.o ABSOLUTE
    _printf_sizespec                         0x00000000   Number         0  stubs.o ABSOLUTE
    _printf_str                              0x00000000   Number         0  stubs.o ABSOLUTE
    _printf_truncate_signed                  0x00000000   Number         0  stubs.o ABSOLUTE
    _printf_truncate_unsigned                0x00000000   Number         0  stubs.o ABSOLUTE
    _printf_u                                0x00000000   Number         0  stubs.o ABSOLUTE
    _printf_wc                               0x00000000   Number         0  stubs.o ABSOLUTE
    _printf_wctomb                           0x00000000   Number         0  stubs.o ABSOLUTE
    _printf_widthprec                        0x00000000   Number         0  stubs.o ABSOLUTE
    _printf_x                                0x00000000   Number         0  stubs.o ABSOLUTE
    __cpp_initialize__aeabi_                  - Undefined Weak Reference
    __cxa_finalize                            - Undefined Weak Reference
    __decompress                              - Undefined Weak Reference
    _clock_init                               - Undefined Weak Reference
    _microlib_exit                            - Undefined Weak Reference
    __Vectors_End                            0x0000026c   Data           0  startup_tm4c123.o(RESET)
    __Vectors_Size                           0x0000026c   Number         0  startup_tm4c123.o ABSOLUTE
    __main                                   0x0000026d   Thumb Code     0  entry.o(.ARM.Collect$$$$00000000)
    _main_stk                                0x0000026d   Thumb Code     0  entry2.o(.ARM.Collect$$$$00000001)
    _main_scatterload                        0x00000271   Thumb Code     0  entry5.o(.ARM.Collect$$$$00000004)
    __main_after_scatterload                 0x00000275   Thumb Code     0  entry5.o(.ARM.Collect$$$$00000004)
    _main_clock                              0x00000275   Thumb Code     0  entry7b.o(.ARM.Collect$$$$00000008)
    _main_cpp_init                           0x00000275   Thumb Code     0  entry8b.o(.ARM.Collect$$$$0000000A)
    _main_init                               0x00000275   Thumb Code     0  entry9a.o(.ARM.Collect$$$$0000000B)
    __rt_final_cpp                           0x0000027d   Thumb Code     0  entry10a.o(.ARM.Collect$$$$0000000D)
    __rt_final_exit                          0x0000027d   Thumb Code     0  entry11a.o(.ARM.Collect$$$$0000000F)
    DisableInterrupts                        0x00000281   Thumb Code     4  main.o(.text)
    EnableInterrupts                         0x00000285   Thumb Code     4  main.o(.text)
    initializeBoard                          0x00000289   Thumb Code    24  main.o(.text)
    main                                     0x000002a1   Thumb Code    54  main.o(.text)
    generate_random_number                   0x00000341   Thumb Code    48  hw3_staff.o(.text)
    get_new_direction                        0x00000371   Thumb Code    36  hw3_staff.o(.text)
    get_new_move_count                       0x00000395   Thumb Code    28  hw3_staff.o(.text)
    contact_edge                             0x000003bd   Thumb Code   132  hw3.o(.text)
    move_image                               0x00000441   Thumb Code    62  hw3.o(.text)
    check_game_over                          0x0000047f   Thumb Code   180  hw3.o(.text)
    init_hardware                            0x00000533   Thumb Code   108  hw3.o(.text)
    hw3_main                                 0x0000059f   Thumb Code   574  hw3.o(.text)
    spawn_bullet                             0x00000875   Thumb Code   226  hw3_interrupts.o(.text)
    ps2_get_direction                        0x00000957   Thumb Code   206  hw3_interrupts.o(.text)
    GPIOF_Handler                            0x00000a25   Thumb Code    64  hw3_interrupts.o(.text)
    TIMER1A_Handler                          0x00000a65   Thumb Code    64  hw3_interrupts.o(.text)
    TIMER2A_Handler                          0x00000aa5   Thumb Code    70  hw3_interrupts.o(.text)
    TIMER3A_Handler                          0x00000aeb   Thumb Code   284  hw3_interrupts.o(.text)
    TIMER4A_Handler                          0x00000c07   Thumb Code    26  hw3_interrupts.o(.text)
    ADC0SS2_Handler                          0x00000c21   Thumb Code    80  hw3_interrupts.o(.text)
    TIMER5A_Handler                          0x00000c71   Thumb Code   296  hw3_interrupts.o(.text)
    draw_string                              0x00000dbd   Thumb Code   150  display.o(.text)
    eeprom_score_write                       0x00000e59   Thumb Code    64  scoreboard.o(.text)
    eeprom_score_read                        0x00000e99   Thumb Code    70  scoreboard.o(.text)
    eeprom_score_reset                       0x00000edf   Thumb Code    30  scoreboard.o(.text)
    gpio_get_irq_num                         0x00000f41   Thumb Code    74  gpio_port.o(.text)
    gpio_enable_port                         0x00000f8b   Thumb Code   156  gpio_port.o(.text)
    gpio_config_digital_enable               0x00001027   Thumb Code    34  gpio_port.o(.text)
    gpio_config_enable_output                0x00001049   Thumb Code    34  gpio_port.o(.text)
    gpio_config_enable_input                 0x0000106b   Thumb Code    34  gpio_port.o(.text)
    gpio_config_enable_pullup                0x0000108d   Thumb Code    34  gpio_port.o(.text)
    gpio_config_enable_pulldown              0x000010af   Thumb Code    34  gpio_port.o(.text)
    gpio_config_analog_enable                0x000010d1   Thumb Code    34  gpio_port.o(.text)
    gpio_config_alternate_function           0x000010f3   Thumb Code    34  gpio_port.o(.text)
    gpio_config_port_control                 0x00001115   Thumb Code    54  gpio_port.o(.text)
    gpio_config_open_drain                   0x0000114b   Thumb Code    34  gpio_port.o(.text)
    gpio_config_falling_edge_irq             0x0000116d   Thumb Code    56  gpio_port.o(.text)
    timer_get_irq_num                        0x00001205   Thumb Code    74  timers.o(.text)
    gp_timer_wait                            0x000012b9   Thumb Code    64  timers.o(.text)
    gp_timer_config_32                       0x000012f9   Thumb Code   252  timers.o(.text)
    pc_buffer_init                           0x0000140d   Thumb Code    26  pc_buffer.o(.text)
    pc_buffer_add                            0x00001427   Thumb Code    28  pc_buffer.o(.text)
    pc_buffer_remove                         0x00001443   Thumb Code    30  pc_buffer.o(.text)
    pc_buffer_empty                          0x00001461   Thumb Code    18  pc_buffer.o(.text)
    pc_buffer_full                           0x00001473   Thumb Code    22  pc_buffer.o(.text)
    verify_uart_base                         0x00001489   Thumb Code    54  uart.o(.text)
    uart_get_rcgc_mask                       0x000014bf   Thumb Code    68  uart.o(.text)
    uart_get_pr_mask                         0x00001503   Thumb Code    68  uart.o(.text)
    uart_get_irq_num                         0x00001547   Thumb Code    68  uart.o(.text)
    uart_tx_poll                             0x0000158b   Thumb Code    38  uart.o(.text)
    uart_tx_poll_string                      0x000015b1   Thumb Code    50  uart.o(.text)
    uart_rx_poll                             0x000015e3   Thumb Code    70  uart.o(.text)
    uart_init                                0x00001629   Thumb Code   222  uart.o(.text)
    initializeI2CMaster                      0x0000171d   Thumb Code   160  i2c.o(.text)
    i2cVerifyBaseAddr                        0x000017bd   Thumb Code    36  i2c.o(.text)
    i2cSetSlaveAddr                          0x000017e1   Thumb Code    30  i2c.o(.text)
    i2cStop                                  0x000017ff   Thumb Code    26  i2c.o(.text)
    I2CMasterBusy                            0x00001819   Thumb Code    34  i2c.o(.text)
    I2CMasterAdrAck                          0x0000183b   Thumb Code    34  i2c.o(.text)
    I2CMasterDatAck                          0x0000185d   Thumb Code    34  i2c.o(.text)
    i2cSendByte                              0x0000187f   Thumb Code    82  i2c.o(.text)
    i2cGetByte                               0x000018d1   Thumb Code    60  i2c.o(.text)
    delayms                                  0x00001925   Thumb Code    26  lcd.o(.text)
    lcd_set_pos                              0x000019b3   Thumb Code    58  lcd.o(.text)
    lcd_clear_screen                         0x000019ed   Thumb Code    52  lcd.o(.text)
    lcd_draw_box                             0x00001a21   Thumb Code   138  lcd.o(.text)
    lcd_draw_rectangle                       0x00001aab   Thumb Code    82  lcd.o(.text)
    lcd_draw_rectangle_centered              0x00001afd   Thumb Code   152  lcd.o(.text)
    lcd_draw_pixel                           0x00001b95   Thumb Code    28  lcd.o(.text)
    lcd_draw_char                            0x00001bb1   Thumb Code   556  lcd.o(.text)
    lcd_draw_image                           0x00001ddd   Thumb Code   242  lcd.o(.text)
    lcd_draw_color_image                     0x00001ecf   Thumb Code   142  lcd.o(.text)
    lcd_config_gpio                          0x00001f5d   Thumb Code   190  lcd.o(.text)
    lcd_config_screen                        0x0000201b   Thumb Code   548  lcd.o(.text)
    lcd_draw_line                            0x0000223f   Thumb Code   200  lcd.o(.text)
    lcd_draw_circle                          0x00002307   Thumb Code   356  lcd.o(.text)
    ps2_initialize_adc                       0x00002505   Thumb Code    88  ps2-new.o(.text)
    ps2_initialize                           0x0000255d   Thumb Code    12  ps2-new.o(.text)
    ps2_get_x                                0x00002569   Thumb Code     2  ps2-new.o(.text)
    ps2_get_y                                0x0000256b   Thumb Code     2  ps2-new.o(.text)
    serial_debug_rx                          0x00002585   Thumb Code    46  serial_debug.o(.text)
    serial_debug_tx                          0x000025b3   Thumb Code    72  serial_debug.o(.text)
    fputc                                    0x000025fb   Thumb Code    66  serial_debug.o(.text)
    fgetc                                    0x0000263d   Thumb Code    50  serial_debug.o(.text)
    init_serial_debug                        0x0000266f   Thumb Code   144  serial_debug.o(.text)
    UART0_Handler                            0x000026ff   Thumb Code   136  serial_debug.o(.text)
    io_expander_write_reg                    0x000027a1   Thumb Code    56  io_expander.o(.text)
    set_io_expander_GPIO                     0x000027d9   Thumb Code    60  io_expander.o(.text)
    io_expander_init                         0x00002815   Thumb Code   226  io_expander.o(.text)
    io_expander_read_reg                     0x000028f7   Thumb Code    70  io_expander.o(.text)
    ft6x06_read_td_status                    0x000029b5   Thumb Code    32  ft6x06.o(.text)
    ft6x06_read_x                            0x000029d5   Thumb Code    82  ft6x06.o(.text)
    ft6x06_read_y                            0x00002a27   Thumb Code    84  ft6x06.o(.text)
    ft6x06_init                              0x00002a7b   Thumb Code   156  ft6x06.o(.text)
    eeprom_byte_write                        0x00002b61   Thumb Code   100  eeprom.o(.text)
    eeprom_byte_read                         0x00002bc5   Thumb Code   118  eeprom.o(.text)
    eeprom_init                              0x00002c3b   Thumb Code   156  eeprom.o(.text)
    Reset_Handler                            0x00002cdd   Thumb Code     8  startup_tm4c123.o(.text)
    NMI_Handler                              0x00002ce5   Thumb Code     2  startup_tm4c123.o(.text)
    HardFault_Handler                        0x00002ce7   Thumb Code     2  startup_tm4c123.o(.text)
    MemManage_Handler                        0x00002ce9   Thumb Code     2  startup_tm4c123.o(.text)
    BusFault_Handler                         0x00002ceb   Thumb Code     2  startup_tm4c123.o(.text)
    UsageFault_Handler                       0x00002ced   Thumb Code     2  startup_tm4c123.o(.text)
    SVC_Handler                              0x00002cef   Thumb Code     2  startup_tm4c123.o(.text)
    DebugMon_Handler                         0x00002cf1   Thumb Code     2  startup_tm4c123.o(.text)
    PendSV_Handler                           0x00002cf3   Thumb Code     2  startup_tm4c123.o(.text)
    SysTick_Handler                          0x00002cf5   Thumb Code     2  startup_tm4c123.o(.text)
    GPIOA_Handler                            0x00002cf7   Thumb Code     2  startup_tm4c123.o(.text)
    GPIOB_Handler                            0x00002cf9   Thumb Code     2  startup_tm4c123.o(.text)
    GPIOC_Handler                            0x00002cfb   Thumb Code     2  startup_tm4c123.o(.text)
    GPIOD_Handler                            0x00002cfd   Thumb Code     2  startup_tm4c123.o(.text)
    GPIOE_Handler                            0x00002cff   Thumb Code     2  startup_tm4c123.o(.text)
    UART1_Handler                            0x00002d03   Thumb Code     2  startup_tm4c123.o(.text)
    SSI0_Handler                             0x00002d05   Thumb Code     2  startup_tm4c123.o(.text)
    I2C0_Handler                             0x00002d07   Thumb Code     2  startup_tm4c123.o(.text)
    PMW0_FAULT_Handler                       0x00002d09   Thumb Code     2  startup_tm4c123.o(.text)
    PWM0_0_Handler                           0x00002d0b   Thumb Code     2  startup_tm4c123.o(.text)
    PWM0_1_Handler                           0x00002d0d   Thumb Code     2  startup_tm4c123.o(.text)
    PWM0_2_Handler                           0x00002d0f   Thumb Code     2  startup_tm4c123.o(.text)
    QEI0_Handler                             0x00002d11   Thumb Code     2  startup_tm4c123.o(.text)
    ADC0SS0_Handler                          0x00002d13   Thumb Code     2  startup_tm4c123.o(.text)
    ADC0SS1_Handler                          0x00002d15   Thumb Code     2  startup_tm4c123.o(.text)
    ADC0SS3_Handler                          0x00002d19   Thumb Code     2  startup_tm4c123.o(.text)
    WDT0_Handler                             0x00002d1b   Thumb Code     2  startup_tm4c123.o(.text)
    TIMER0A_Handler                          0x00002d1d   Thumb Code     2  startup_tm4c123.o(.text)
    TIMER0B_Handler                          0x00002d1f   Thumb Code     2  startup_tm4c123.o(.text)
    TIMER1B_Handler                          0x00002d23   Thumb Code     2  startup_tm4c123.o(.text)
    TIMER2B_Handler                          0x00002d27   Thumb Code     2  startup_tm4c123.o(.text)
    COMP0_Handler                            0x00002d29   Thumb Code     2  startup_tm4c123.o(.text)
    COMP1_Handler                            0x00002d2b   Thumb Code     2  startup_tm4c123.o(.text)
    COMP2_Handler                            0x00002d2d   Thumb Code     2  startup_tm4c123.o(.text)
    SYSCTL_Handler                           0x00002d2f   Thumb Code     2  startup_tm4c123.o(.text)
    FLASH_Handler                            0x00002d31   Thumb Code     2  startup_tm4c123.o(.text)
    GPIOG_Handler                            0x00002d35   Thumb Code     2  startup_tm4c123.o(.text)
    GPIOH_Handler                            0x00002d37   Thumb Code     2  startup_tm4c123.o(.text)
    UART2_Handler                            0x00002d39   Thumb Code     2  startup_tm4c123.o(.text)
    SSI1_Handler                             0x00002d3b   Thumb Code     2  startup_tm4c123.o(.text)
    TIMER3B_Handler                          0x00002d3f   Thumb Code     2  startup_tm4c123.o(.text)
    I2C1_Handler                             0x00002d41   Thumb Code     2  startup_tm4c123.o(.text)
    QEI1_Handler                             0x00002d43   Thumb Code     2  startup_tm4c123.o(.text)
    CAN0_Handler                             0x00002d45   Thumb Code     2  startup_tm4c123.o(.text)
    CAN1_Handler                             0x00002d47   Thumb Code     2  startup_tm4c123.o(.text)
    CAN2_Handler                             0x00002d49   Thumb Code     2  startup_tm4c123.o(.text)
    HIB_Handler                              0x00002d4b   Thumb Code     2  startup_tm4c123.o(.text)
    USB0_Handler                             0x00002d4d   Thumb Code     2  startup_tm4c123.o(.text)
    PWM0_3_Handler                           0x00002d4f   Thumb Code     2  startup_tm4c123.o(.text)
    UDMA_Handler                             0x00002d51   Thumb Code     2  startup_tm4c123.o(.text)
    UDMAERR_Handler                          0x00002d53   Thumb Code     2  startup_tm4c123.o(.text)
    ADC1SS0_Handler                          0x00002d55   Thumb Code     2  startup_tm4c123.o(.text)
    ADC1SS1_Handler                          0x00002d57   Thumb Code     2  startup_tm4c123.o(.text)
    ADC1SS2_Handler                          0x00002d59   Thumb Code     2  startup_tm4c123.o(.text)
    ADC1SS3_Handler                          0x00002d5b   Thumb Code     2  startup_tm4c123.o(.text)
    GPIOJ_Handler                            0x00002d5d   Thumb Code     2  startup_tm4c123.o(.text)
    GPIOK_Handler                            0x00002d5f   Thumb Code     2  startup_tm4c123.o(.text)
    GPIOL_Handler                            0x00002d61   Thumb Code     2  startup_tm4c123.o(.text)
    SSI2_Handler                             0x00002d63   Thumb Code     2  startup_tm4c123.o(.text)
    SSI3_Handler                             0x00002d65   Thumb Code     2  startup_tm4c123.o(.text)
    UART3_Handler                            0x00002d67   Thumb Code     2  startup_tm4c123.o(.text)
    UART4_Handler                            0x00002d69   Thumb Code     2  startup_tm4c123.o(.text)
    UART5_Handler                            0x00002d6b   Thumb Code     2  startup_tm4c123.o(.text)
    UART6_Handler                            0x00002d6d   Thumb Code     2  startup_tm4c123.o(.text)
    UART7_Handler                            0x00002d6f   Thumb Code     2  startup_tm4c123.o(.text)
    I2C2_Handler                             0x00002d71   Thumb Code     2  startup_tm4c123.o(.text)
    I2C3_Handler                             0x00002d73   Thumb Code     2  startup_tm4c123.o(.text)
    TIMER4B_Handler                          0x00002d77   Thumb Code     2  startup_tm4c123.o(.text)
    TIMER5B_Handler                          0x00002d7b   Thumb Code     2  startup_tm4c123.o(.text)
    WTIMER0A_Handler                         0x00002d7d   Thumb Code     2  startup_tm4c123.o(.text)
    WTIMER0B_Handler                         0x00002d7f   Thumb Code     2  startup_tm4c123.o(.text)
    WTIMER1A_Handler                         0x00002d81   Thumb Code     2  startup_tm4c123.o(.text)
    WTIMER1B_Handler                         0x00002d83   Thumb Code     2  startup_tm4c123.o(.text)
    WTIMER2A_Handler                         0x00002d85   Thumb Code     2  startup_tm4c123.o(.text)
    WTIMER2B_Handler                         0x00002d87   Thumb Code     2  startup_tm4c123.o(.text)
    WTIMER3A_Handler                         0x00002d89   Thumb Code     2  startup_tm4c123.o(.text)
    WTIMER3B_Handler                         0x00002d8b   Thumb Code     2  startup_tm4c123.o(.text)
    WTIMER4A_Handler                         0x00002d8d   Thumb Code     2  startup_tm4c123.o(.text)
    WTIMER4B_Handler                         0x00002d8f   Thumb Code     2  startup_tm4c123.o(.text)
    WTIMER5A_Handler                         0x00002d91   Thumb Code     2  startup_tm4c123.o(.text)
    WTIMER5B_Handler                         0x00002d93   Thumb Code     2  startup_tm4c123.o(.text)
    FPU_Handler                              0x00002d95   Thumb Code     2  startup_tm4c123.o(.text)
    I2C4_Handler                             0x00002d97   Thumb Code     2  startup_tm4c123.o(.text)
    I2C5_Handler                             0x00002d99   Thumb Code     2  startup_tm4c123.o(.text)
    GPIOM_Handler                            0x00002d9b   Thumb Code     2  startup_tm4c123.o(.text)
    GPION_Handler                            0x00002d9d   Thumb Code     2  startup_tm4c123.o(.text)
    QEI2_Handler                             0x00002d9f   Thumb Code     2  startup_tm4c123.o(.text)
    GPIOP0_Handler                           0x00002da1   Thumb Code     2  startup_tm4c123.o(.text)
    GPIOP1_Handler                           0x00002da3   Thumb Code     2  startup_tm4c123.o(.text)
    GPIOP2_Handler                           0x00002da5   Thumb Code     2  startup_tm4c123.o(.text)
    GPIOP3_Handler                           0x00002da7   Thumb Code     2  startup_tm4c123.o(.text)
    GPIOP4_Handler                           0x00002da9   Thumb Code     2  startup_tm4c123.o(.text)
    GPIOP5_Handler                           0x00002dab   Thumb Code     2  startup_tm4c123.o(.text)
    GPIOP6_Handler                           0x00002dad   Thumb Code     2  startup_tm4c123.o(.text)
    GPIOP7_Handler                           0x00002daf   Thumb Code     2  startup_tm4c123.o(.text)
    GPIOQ0_Handler                           0x00002db1   Thumb Code     2  startup_tm4c123.o(.text)
    GPIOQ1_Handler                           0x00002db3   Thumb Code     2  startup_tm4c123.o(.text)
    GPIOQ2_Handler                           0x00002db5   Thumb Code     2  startup_tm4c123.o(.text)
    GPIOQ3_Handler                           0x00002db7   Thumb Code     2  startup_tm4c123.o(.text)
    GPIOQ4_Handler                           0x00002db9   Thumb Code     2  startup_tm4c123.o(.text)
    GPIOQ5_Handler                           0x00002dbb   Thumb Code     2  startup_tm4c123.o(.text)
    GPIOQ6_Handler                           0x00002dbd   Thumb Code     2  startup_tm4c123.o(.text)
    GPIOQ7_Handler                           0x00002dbf   Thumb Code     2  startup_tm4c123.o(.text)
    GPIOR_Handler                            0x00002dc1   Thumb Code     2  startup_tm4c123.o(.text)
    GPIOS_Handler                            0x00002dc3   Thumb Code     2  startup_tm4c123.o(.text)
    PMW1_0_Handler                           0x00002dc5   Thumb Code     2  startup_tm4c123.o(.text)
    PWM1_1_Handler                           0x00002dc7   Thumb Code     2  startup_tm4c123.o(.text)
    PWM1_2_Handler                           0x00002dc9   Thumb Code     2  startup_tm4c123.o(.text)
    PWM1_3_Handler                           0x00002dcb   Thumb Code     2  startup_tm4c123.o(.text)
    PWM1_FAULT_Handler                       0x00002dcd   Thumb Code     2  startup_tm4c123.o(.text)
    SystemCoreClockUpdate                    0x00002e8f   Thumb Code   184  system_tm4c123.o(.text)
    SystemInit                               0x00002f47   Thumb Code   112  system_tm4c123.o(.text)
    staff_uart_config_gpio                   0x00003025   Thumb Code    82  hw2.o(.text)
    staff_uart_config_polling                0x00003077   Thumb Code    68  hw2.o(.text)
    put_string                               0x000030bb   Thumb Code    34  hw2.o(.text)
    put_char                                 0x000030dd   Thumb Code    20  hw2.o(.text)
    get_char                                 0x000030f1   Thumb Code    62  hw2.o(.text)
    get_string                               0x0000312f   Thumb Code    40  hw2.o(.text)
    initialize_serial_debug                  0x00003157   Thumb Code    12  hw2.o(.text)
    rand                                     0x00003175   Thumb Code    20  rand.o(.text)
    srand                                    0x00003189   Thumb Code     6  rand.o(.text)
    __aeabi_memcpy                           0x00003199   Thumb Code    36  memcpya.o(.text)
    __aeabi_memcpy4                          0x00003199   Thumb Code     0  memcpya.o(.text)
    __aeabi_memcpy8                          0x00003199   Thumb Code     0  memcpya.o(.text)
    strlen                                   0x000031bd   Thumb Code    14  strlen.o(.text)
    __aeabi_ui2d                             0x000031cb   Thumb Code    26  dfltui.o(.text)
    __aeabi_cdcmpeq                          0x000031e5   Thumb Code     0  cdcmple.o(.text)
    __aeabi_cdcmple                          0x000031e5   Thumb Code    48  cdcmple.o(.text)
    __aeabi_cdrcmple                         0x00003215   Thumb Code    48  cdrcmple.o(.text)
    __aeabi_uldivmod                         0x00003245   Thumb Code    98  uldiv.o(.text)
    __I$use$fp                               0x000032a7   Thumb Code     0  iusefp.o(.text)
    _double_round                            0x000032a7   Thumb Code    30  depilogue.o(.text)
    _double_epilogue                         0x000032c5   Thumb Code   156  depilogue.o(.text)
    __scatterload                            0x00003361   Thumb Code    28  init.o(.text)
    __scatterload_rt2                        0x00003361   Thumb Code     0  init.o(.text)
    __aeabi_llsl                             0x00003385   Thumb Code    30  llshl.o(.text)
    _ll_shift_l                              0x00003385   Thumb Code     0  llshl.o(.text)
    __aeabi_llsr                             0x000033a3   Thumb Code    32  llushr.o(.text)
    _ll_ushift_r                             0x000033a3   Thumb Code     0  llushr.o(.text)
    __0sprintf$5                             0x000033c5   Thumb Code    34  printf5.o(i.__0sprintf$5)
    __1sprintf$5                             0x000033c5   Thumb Code     0  printf5.o(i.__0sprintf$5)
    __2sprintf                               0x000033c5   Thumb Code     0  printf5.o(i.__0sprintf$5)
    __scatterload_copy                       0x000033ed   Thumb Code    14  handlers.o(i.__scatterload_copy)
    __scatterload_null                       0x000033fb   Thumb Code     2  handlers.o(i.__scatterload_null)
    __scatterload_zeroinit                   0x000033fd   Thumb Code    14  handlers.o(i.__scatterload_zeroinit)
    malloc                                   0x000036d9   Thumb Code    92  malloc.o(i.malloc)
    fighterBitmaps                           0x00003758   Data         150  hw3_images.o(.constdata)
    bulletBitmaps                            0x000037ee   Data          12  hw3_images.o(.constdata)
    roundbulletBitmaps                       0x000037fa   Data          24  hw3_images.o(.constdata)
    spreadbulletBitmaps                      0x00003812   Data          24  hw3_images.o(.constdata)
    touchToStartBitmaps                      0x0000382a   Data         120  hw3_images.o(.constdata)
    invaderBitmaps                           0x000038a2   Data         145  hw3_images.o(.constdata)
    invaderWidthPixels                       0x00003933   Data           1  hw3_images.o(.constdata)
    invaderHeightPixels                      0x00003934   Data           1  hw3_images.o(.constdata)
    gameoverBitmaps                          0x00003935   Data         345  hw3_images.o(.constdata)
    hylia1                                   0x00003a8e   Data          96  display.o(.constdata)
    hyliaSerifBeta_18ptBitmaps               0x00003aee   Data        5952  display.o(.constdata)
    Region$$Table$$Base                      0x00005230   Number         0  anon$$obj.o(Region$$Table)
    Region$$Table$$Limit                     0x00005250   Number         0  anon$$obj.o(Region$$Table)
    game_start                               0x20000004   Data           1  hw3.o(.data)
    FIGHTER_X_COORD                          0x20000006   Data           2  hw3.o(.data)
    FIGHTER_Y_COORD                          0x20000008   Data           2  hw3.o(.data)
    CURRENT_SCORE                            0x2000000c   Data           4  hw3.o(.data)
    INVADER_X_COORD                          0x20000010   Data           2  hw3.o(.data)
    INVADER_Y_COORD                          0x20000012   Data           2  hw3.o(.data)
    STUDENT_NAME                             0x20000014   Data          28  hw3.o(.data)
    ALERT_BULLET                             0x20000030   Data           1  hw3.o(.data)
    ALERT_FIGHTER                            0x20000031   Data           1  hw3.o(.data)
    ALERT_INVADER                            0x20000032   Data           1  hw3.o(.data)
    HIT_POINT                                0x20000033   Data           1  hw3.o(.data)
    INVINCIBLE                               0x20000034   Data           1  hw3.o(.data)
    ULT                                      0x20000035   Data           1  hw3.o(.data)
    INVINCIBLE_TIMER_COUNT_DOWN              0x20000054   Data           2  hw3_interrupts.o(.data)
    blink                                    0x20000056   Data           1  hw3_interrupts.o(.data)
    button                                   0x20000057   Data           1  hw3_interrupts.o(.data)
    MARK                                     0x20000058   Data           4  hw3_interrupts.o(.data)
    bounce_delay                             0x2000005c   Data           1  hw3_interrupts.o(.data)
    bounce                                   0x2000005d   Data           1  hw3_interrupts.o(.data)
    SystemCoreClock                          0x20000060   Data           4  system_tm4c123.o(.data)
    __stdout                                 0x20000064   Data           4  stdout.o(.data)
    __microlib_freelist                      0x2000006c   Data           4  mvars.o(.data)
    __microlib_freelist_initialised          0x20000070   Data           4  mvars.o(.data)
    bullets                                  0x20000074   Data         128  hw3_interrupts.o(.bss)
    UART0_Tx_Buffer                          0x200000f4   Data          14  serial_debug.o(.bss)
    UART0_Rx_Buffer                          0x20000102   Data          14  serial_debug.o(.bss)
    __heap_base                              0x20000110   Data           0  startup_tm4c123.o(HEAP)
    __heap_limit                             0x20000110   Data           0  startup_tm4c123.o(HEAP)
    __initial_sp                             0x20001110   Data           0  startup_tm4c123.o(STACK)



==============================================================================

Memory Map of the image

  Image Entry point : 0x00002cdd

  Load Region LR_1 (Base: 0x00000000, Size: 0x000052c4, Max: 0xffffffff, ABSOLUTE)

    Execution Region ER_RO (Exec base: 0x00000000, Load base: 0x00000000, Size: 0x00005250, Max: 0xffffffff, ABSOLUTE)

    Exec Addr    Load Addr    Size         Type   Attr      Idx    E Section Name        Object

    0x00000000   0x00000000   0x0000026c   Data   RO          639    RESET               startup_tm4c123.o
    0x0000026c   0x0000026c   0x00000000   Code   RO          743  * .ARM.Collect$$$$00000000  mc_w.l(entry.o)
    0x0000026c   0x0000026c   0x00000004   Code   RO         1051    .ARM.Collect$$$$00000001  mc_w.l(entry2.o)
    0x00000270   0x00000270   0x00000004   Code   RO         1054    .ARM.Collect$$$$00000004  mc_w.l(entry5.o)
    0x00000274   0x00000274   0x00000000   Code   RO         1056    .ARM.Collect$$$$00000008  mc_w.l(entry7b.o)
    0x00000274   0x00000274   0x00000000   Code   RO         1058    .ARM.Collect$$$$0000000A  mc_w.l(entry8b.o)
    0x00000274   0x00000274   0x00000008   Code   RO         1059    .ARM.Collect$$$$0000000B  mc_w.l(entry9a.o)
    0x0000027c   0x0000027c   0x00000000   Code   RO         1061    .ARM.Collect$$$$0000000D  mc_w.l(entry10a.o)
    0x0000027c   0x0000027c   0x00000000   Code   RO         1063    .ARM.Collect$$$$0000000F  mc_w.l(entry11a.o)
    0x0000027c   0x0000027c   0x00000004   Code   RO         1052    .ARM.Collect$$$$00002712  mc_w.l(entry2.o)
    0x00000280   0x00000280   0x000000c0   Code   RO            4    .text               main.o
    0x00000340   0x00000340   0x0000007c   Code   RO          143    .text               hw3_staff.o
    0x000003bc   0x000003bc   0x000004b8   Code   RO          174    .text               hw3.o
    0x00000874   0x00000874   0x00000548   Code   RO          206    .text               hw3_interrupts.o
    0x00000dbc   0x00000dbc   0x0000009c   Code   RO          250    .text               display.o
    0x00000e58   0x00000e58   0x000000a8   Code   RO          287    .text               scoreboard.o
    0x00000f00   0x00000f00   0x000002c4   Code   RO          311    .text               gpio_port.o
    0x000011c4   0x000011c4   0x00000248   Code   RO          335    .text               timers.o
    0x0000140c   0x0000140c   0x0000007c   Code   RO          384    .text               pc_buffer.o
    0x00001488   0x00001488   0x00000294   Code   RO          399    .text               uart.o
    0x0000171c   0x0000171c   0x00000208   Code   RO          426    .text               i2c.o
    0x00001924   0x00001924   0x00000b46   Code   RO          477    .text               lcd.o
    0x0000246a   0x0000246a   0x00000002   PAD
    0x0000246c   0x0000246c   0x00000118   Code   RO          501    .text               ps2-new.o
    0x00002584   0x00002584   0x0000021c   Code   RO          525    .text               serial_debug.o
    0x000027a0   0x000027a0   0x000001b0   Code   RO          561    .text               io_expander.o
    0x00002950   0x00002950   0x000001cc   Code   RO          592    .text               ft6x06.o
    0x00002b1c   0x00002b1c   0x000001c0   Code   RO          616    .text               eeprom.o
    0x00002cdc   0x00002cdc   0x000000fc   Code   RO          640  * .text               startup_tm4c123.o
    0x00002dd8   0x00002dd8   0x0000024c   Code   RO          647    .text               system_tm4c123.o
    0x00003024   0x00003024   0x00000150   Code   RO          677    .text               hw3_f18.lib(hw2.o)
    0x00003174   0x00003174   0x00000024   Code   RO          747    .text               mc_w.l(rand.o)
    0x00003198   0x00003198   0x00000024   Code   RO          750    .text               mc_w.l(memcpya.o)
    0x000031bc   0x000031bc   0x0000000e   Code   RO          752    .text               mc_w.l(strlen.o)
    0x000031ca   0x000031ca   0x0000001a   Code   RO         1045    .text               mf_w.l(dfltui.o)
    0x000031e4   0x000031e4   0x00000030   Code   RO         1047    .text               mf_w.l(cdcmple.o)
    0x00003214   0x00003214   0x00000030   Code   RO         1049    .text               mf_w.l(cdrcmple.o)
    0x00003244   0x00003244   0x00000062   Code   RO         1067    .text               mc_w.l(uldiv.o)
    0x000032a6   0x000032a6   0x00000000   Code   RO         1071    .text               mc_w.l(iusefp.o)
    0x000032a6   0x000032a6   0x000000ba   Code   RO         1072    .text               mf_w.l(depilogue.o)
    0x00003360   0x00003360   0x00000024   Code   RO         1082    .text               mc_w.l(init.o)
    0x00003384   0x00003384   0x0000001e   Code   RO         1084    .text               mc_w.l(llshl.o)
    0x000033a2   0x000033a2   0x00000020   Code   RO         1086    .text               mc_w.l(llushr.o)
    0x000033c2   0x000033c2   0x00000002   PAD
    0x000033c4   0x000033c4   0x00000028   Code   RO          891    i.__0sprintf$5      mc_w.l(printf5.o)
    0x000033ec   0x000033ec   0x0000000e   Code   RO         1092    i.__scatterload_copy  mc_w.l(handlers.o)
    0x000033fa   0x000033fa   0x00000002   Code   RO         1093    i.__scatterload_null  mc_w.l(handlers.o)
    0x000033fc   0x000033fc   0x0000000e   Code   RO         1094    i.__scatterload_zeroinit  mc_w.l(handlers.o)
    0x0000340a   0x0000340a   0x00000002   PAD
    0x0000340c   0x0000340c   0x000002c0   Code   RO          896    i._printf_core      mc_w.l(printf5.o)
    0x000036cc   0x000036cc   0x0000000a   Code   RO          898    i._sputc            mc_w.l(printf5.o)
    0x000036d6   0x000036d6   0x00000002   PAD
    0x000036d8   0x000036d8   0x0000006c   Code   RO         1018    i.malloc            mc_w.l(malloc.o)
    0x00003744   0x00003744   0x00000014   Data   RO          144    .constdata          hw3_staff.o
    0x00003758   0x00003758   0x00000336   Data   RO          235    .constdata          hw3_images.o
    0x00003a8e   0x00003a8e   0x000017a0   Data   RO          251    .constdata          display.o
    0x0000522e   0x0000522e   0x00000002   PAD
    0x00005230   0x00005230   0x00000020   Data   RO         1090    Region$$Table       anon$$obj.o


    Execution Region ER_RW (Exec base: 0x20000000, Load base: 0x00005250, Size: 0x00000074, Max: 0xffffffff, ABSOLUTE)

    Exec Addr    Load Addr    Size         Type   Attr      Idx    E Section Name        Object

    0x20000000   0x00005250   0x00000002   Data   RW          145    .data               hw3_staff.o
    0x20000002   0x00005252   0x00000002   PAD
    0x20000004   0x00005254   0x00000032   Data   RW          175    .data               hw3.o
    0x20000036   0x00005286   0x00000002   PAD
    0x20000038   0x00005288   0x00000026   Data   RW          208    .data               hw3_interrupts.o
    0x2000005e   0x000052ae   0x00000002   Data   RW          527    .data               serial_debug.o
    0x20000060   0x000052b0   0x00000004   Data   RW          648    .data               system_tm4c123.o
    0x20000064   0x000052b4   0x00000004   Data   RW          746    .data               mc_w.l(stdout.o)
    0x20000068   0x000052b8   0x00000004   Data   RW          748    .data               mc_w.l(rand.o)
    0x2000006c   0x000052bc   0x00000004   Data   RW         1069    .data               mc_w.l(mvars.o)
    0x20000070   0x000052c0   0x00000004   Data   RW         1070    .data               mc_w.l(mvars.o)


    Execution Region ER_ZI (Exec base: 0x20000074, Load base: 0x000052c4, Size: 0x0000109c, Max: 0xffffffff, ABSOLUTE)

    Exec Addr    Load Addr    Size         Type   Attr      Idx    E Section Name        Object

    0x20000074        -       0x00000080   Zero   RW          207    .bss                hw3_interrupts.o
    0x200000f4        -       0x0000001c   Zero   RW          526    .bss                serial_debug.o
    0x20000110        -       0x00000000   Zero   RW          638    HEAP                startup_tm4c123.o
    0x20000110        -       0x00001000   Zero   RW          637    STACK               startup_tm4c123.o


==============================================================================

Image component sizes


      Code (inc. data)   RO Data    RW Data    ZI Data      Debug   Object Name

       156          6       6048          0          0       1618   display.o
       448          6          0          0          0       2181   eeprom.o
       460          6          0          0          0       2448   ft6x06.o
       708         32          0          0          0       5222   gpio_port.o
      1208        152          0         50          0       5144   hw3.o
         0          0        822          0          0       1024   hw3_images.o
      1352        188          0         38        128       5054   hw3_interrupts.o
       124         12         20          2          0       1630   hw3_staff.o
       520         24          0          0          0       3737   i2c.o
       432         20          0          0          0       2039   io_expander.o
      2886         28          0          0          0       8292   lcd.o
       192        106          0          0          0      30434   main.o
       124          0          0          0          0       1999   pc_buffer.o
       280         24          0          0          0       1544   ps2-new.o
       168          4          0          0          0       1158   scoreboard.o
       540         26          0          2         28       5677   serial_debug.o
       252         10        620          0       4096       5472   startup_tm4c123.o
       588        134          0          4          0       1617   system_tm4c123.o
       584         24          0          0          0      32924   timers.o
       660         54          0          0          0       3560   uart.o

    ----------------------------------------------------------------------
     11684        856       7544        100       4252     122774   Object Totals
         0          0         32          0          0          0   (incl. Generated)
         2          0          2          4          0          0   (incl. Padding)

    ----------------------------------------------------------------------

      Code (inc. data)   RO Data    RW Data    ZI Data      Debug   Library Member Name

       336         18          0          0          0       1619   hw2.o
         0          0          0          0          0          0   entry.o
         0          0          0          0          0          0   entry10a.o
         0          0          0          0          0          0   entry11a.o
         8          4          0          0          0          0   entry2.o
         4          0          0          0          0          0   entry5.o
         0          0          0          0          0          0   entry7b.o
         0          0          0          0          0          0   entry8b.o
         8          4          0          0          0          0   entry9a.o
        30          0          0          0          0          0   handlers.o
        36          8          0          0          0         68   init.o
         0          0          0          0          0          0   iusefp.o
        30          0          0          0          0         68   llshl.o
        32          0          0          0          0         68   llushr.o
       108         16          0          0          0         84   malloc.o
        36          0          0          0          0         68   memcpya.o
         0          0          0          8          0          0   mvars.o
       754         52          0          0          0        252   printf5.o
        36         10          0          4          0        136   rand.o
         0          0          0          4          0          0   stdout.o
        14          0          0          0          0         68   strlen.o
        98          0          0          0          0         92   uldiv.o
        48          0          0          0          0         68   cdcmple.o
        48          0          0          0          0         68   cdrcmple.o
       186          0          0          0          0        176   depilogue.o
        26          0          0          0          0         76   dfltui.o

    ----------------------------------------------------------------------
      1844        112          0         16          0       2911   Library Totals
         6          0          0          0          0          0   (incl. Padding)

    ----------------------------------------------------------------------

      Code (inc. data)   RO Data    RW Data    ZI Data      Debug   Library Name

       336         18          0          0          0       1619   hw3_f18.lib
      1194         94          0         16          0        904   mc_w.l
       308          0          0          0          0        388   mf_w.l

    ----------------------------------------------------------------------
      1844        112          0         16          0       2911   Library Totals

    ----------------------------------------------------------------------

==============================================================================


      Code (inc. data)   RO Data    RW Data    ZI Data      Debug   

     13528        968       7544        116       4252     122465   Grand Totals
     13528        968       7544        116       4252     122465   ELF Image Totals
     13528        968       7544        116          0          0   ROM Totals

==============================================================================

    Total RO  Size (Code + RO Data)                21072 (  20.58kB)
    Total RW  Size (RW Data + ZI Data)              4368 (   4.27kB)
    Total ROM Size (Code + RO Data + RW Data)      21188 (  20.69kB)

==============================================================================

